00:00:26 **** Build of configuration Default for project 2016BigBot ****
make all 
CC -I../include -I../src auto.c
In file included from auto.c:19:0:
../include/helpers.h:14:22: warning: 'invertMotor' defined but not used [-Wunused-variable]
../include/helpers.h:24:13: warning: 'flag' defined but not used [-Wunused-variable]
../include/helpers.h:25:13: warning: 'flag2' defined but not used [-Wunused-variable]
../include/helpers.h:26:12: warning: 'turn_PID_counter' defined but not used [-Wunused-variable]
../include/helpers.h:27:12: warning: 'goStraight_timer' defined but not used [-Wunused-variable]
CC -I../include -I../src helpers.c
In file included from helpers.c:10:0:
../include/helpers.h:24:13: warning: 'flag' defined but not used [-Wunused-variable]
CC -I../include -I../src init.c
In file included from init.c:19:0:
../include/helpers.h:14:22: warning: 'invertMotor' defined but not used [-Wunused-variable]
../include/helpers.h:24:13: warning: 'flag' defined but not used [-Wunused-variable]
../include/helpers.h:25:13: warning: 'flag2' defined but not used [-Wunused-variable]
../include/helpers.h:26:12: warning: 'turn_PID_counter' defined but not used [-Wunused-variable]
../include/helpers.h:27:12: warning: 'goStraight_timer' defined but not used [-Wunused-variable]
CC -I../include -I../src opcontrol.c
In file included from opcontrol.c:20:0:
../include/helpers.h:14:22: warning: 'invertMotor' defined but not used [-Wunused-variable]
../include/helpers.h:24:13: warning: 'flag' defined but not used [-Wunused-variable]
../include/helpers.h:25:13: warning: 'flag2' defined but not used [-Wunused-variable]
../include/helpers.h:26:12: warning: 'turn_PID_counter' defined but not used [-Wunused-variable]
../include/helpers.h:27:12: warning: 'goStraight_timer' defined but not used [-Wunused-variable]
CC -I../include -I../src pid.c
CC -I../include -I../src shooter.c
In file included from ../include/shooter.h:13:0,
                 from shooter.c:1:
../include/helpers.h:14:22: warning: 'invertMotor' defined but not used [-Wunused-variable]
../include/helpers.h:24:13: warning: 'flag' defined but not used [-Wunused-variable]
../include/helpers.h:25:13: warning: 'flag2' defined but not used [-Wunused-variable]
../include/helpers.h:26:12: warning: 'turn_PID_counter' defined but not used [-Wunused-variable]
../include/helpers.h:27:12: warning: 'goStraight_timer' defined but not used [-Wunused-variable]
LN ./bin/auto.o ./bin/helpers.o ./bin/init.o ./bin/opcontrol.o ./bin/pid.o ./bin/shooter.o ./firmware/libccos.a -lgcc -lm to bin/output.elf
   text	   data	    bss	    dec	    hex	filename
  20144	      4	   4816	  24964	   6184	./bin/output.elf
arm-none-eabi-objcopy ./bin/output.elf -O binary ./bin/output.bin
00:00:37 **** Incremental Build of configuration Default for project 2016BigBot ****
make all 
make[1]: Nothing to be done for `all'.
00:01:14 **** Incremental Build of configuration Default for project 2016BigBot ****
make all 
CC -I../include -I../src opcontrol.c
opcontrol.c: In function 'operatorControl':
opcontrol.c:49:3: error: implicit declaration of function 'Motor' [-Werror=implicit-function-declaration]
In file included from opcontrol.c:20:0:
opcontrol.c: At top level:
../include/helpers.h:14:22: warning: 'invertMotor' defined but not used [-Wunused-variable]
../include/helpers.h:24:13: warning: 'flag' defined but not used [-Wunused-variable]
../include/helpers.h:25:13: warning: 'flag2' defined but not used [-Wunused-variable]
../include/helpers.h:26:12: warning: 'turn_PID_counter' defined but not used [-Wunused-variable]
../include/helpers.h:27:12: warning: 'goStraight_timer' defined but not used [-Wunused-variable]
cc1.exe: some warnings being treated as errors
make[1]: *** [../bin/opcontrol.o] Error 1
make: *** [src] Error 2
00:01:25 **** Incremental Build of configuration Default for project 2016BigBot ****
make all 
CC -I../include -I../src opcontrol.c
In file included from opcontrol.c:20:0:
../include/helpers.h:14:22: warning: 'invertMotor' defined but not used [-Wunused-variable]
../include/helpers.h:24:13: warning: 'flag' defined but not used [-Wunused-variable]
../include/helpers.h:25:13: warning: 'flag2' defined but not used [-Wunused-variable]
../include/helpers.h:26:12: warning: 'turn_PID_counter' defined but not used [-Wunused-variable]
../include/helpers.h:27:12: warning: 'goStraight_timer' defined but not used [-Wunused-variable]
LN ./bin/auto.o ./bin/helpers.o ./bin/init.o ./bin/opcontrol.o ./bin/pid.o ./bin/shooter.o ./firmware/libccos.a -lgcc -lm to bin/output.elf
   text	   data	    bss	    dec	    hex	filename
  15920	      4	   4800	  20724	   50f4	./bin/output.elf
arm-none-eabi-objcopy ./bin/output.elf -O binary ./bin/output.bin
00:01:26 **** Incremental Build of configuration Default for project 2016BigBot ****
make all 
make[1]: Nothing to be done for `all'.
00:03:18 **** Incremental Build of configuration Default for project 2016BigBot ****
make all 
CC -I../include -I../src opcontrol.c
In file included from opcontrol.c:20:0:
../include/helpers.h:14:22: warning: 'invertMotor' defined but not used [-Wunused-variable]
../include/helpers.h:24:13: warning: 'flag' defined but not used [-Wunused-variable]
../include/helpers.h:25:13: warning: 'flag2' defined but not used [-Wunused-variable]
../include/helpers.h:26:12: warning: 'turn_PID_counter' defined but not used [-Wunused-variable]
../include/helpers.h:27:12: warning: 'goStraight_timer' defined but not used [-Wunused-variable]
LN ./bin/auto.o ./bin/helpers.o ./bin/init.o ./bin/opcontrol.o ./bin/pid.o ./bin/shooter.o ./firmware/libccos.a -lgcc -lm to bin/output.elf
   text	   data	    bss	    dec	    hex	filename
  20144	      4	   4816	  24964	   6184	./bin/output.elf
arm-none-eabi-objcopy ./bin/output.elf -O binary ./bin/output.bin
00:03:24 **** Incremental Build of configuration Default for project 2016BigBot ****
make all 
make[1]: Nothing to be done for `all'.
00:51:49 **** Incremental Build of configuration Default for project 2016BigBot ****
make all 
CC -I../include -I../src opcontrol.c
In file included from opcontrol.c:20:0:
../include/helpers.h:14:22: warning: 'invertMotor' defined but not used [-Wunused-variable]
../include/helpers.h:24:13: warning: 'flag' defined but not used [-Wunused-variable]
../include/helpers.h:25:13: warning: 'flag2' defined but not used [-Wunused-variable]
../include/helpers.h:26:12: warning: 'turn_PID_counter' defined but not used [-Wunused-variable]
../include/helpers.h:27:12: warning: 'goStraight_timer' defined but not used [-Wunused-variable]
LN ./bin/auto.o ./bin/helpers.o ./bin/init.o ./bin/opcontrol.o ./bin/pid.o ./bin/shooter.o ./firmware/libccos.a -lgcc -lm to bin/output.elf
   text	   data	    bss	    dec	    hex	filename
  15936	      4	   4800	  20740	   5104	./bin/output.elf
arm-none-eabi-objcopy ./bin/output.elf -O binary ./bin/output.bin
00:51:55 **** Incremental Build of configuration Default for project 2016BigBot ****
make all 
make[1]: Nothing to be done for `all'.
00:52:07 **** Incremental Build of configuration Default for project 2016BigBot ****
make all 
make[1]: Nothing to be done for `all'.
01:08:56 **** Incremental Build of configuration Default for project 2016BigBot ****
make all 
CC -I../include -I../src opcontrol.c
In file included from opcontrol.c:20:0:
../include/helpers.h:14:22: warning: 'invertMotor' defined but not used [-Wunused-variable]
../include/helpers.h:24:13: warning: 'flag' defined but not used [-Wunused-variable]
../include/helpers.h:25:13: warning: 'flag2' defined but not used [-Wunused-variable]
../include/helpers.h:26:12: warning: 'turn_PID_counter' defined but not used [-Wunused-variable]
../include/helpers.h:27:12: warning: 'goStraight_timer' defined but not used [-Wunused-variable]
LN ./bin/auto.o ./bin/helpers.o ./bin/init.o ./bin/opcontrol.o ./bin/pid.o ./bin/shooter.o ./firmware/libccos.a -lgcc -lm to bin/output.elf
   text	   data	    bss	    dec	    hex	filename
  20144	      4	   4816	  24964	   6184	./bin/output.elf
arm-none-eabi-objcopy ./bin/output.elf -O binary ./bin/output.bin
01:09:02 **** Incremental Build of configuration Default for project 2016BigBot ****
make all 
make[1]: Nothing to be done for `all'.
01:10:33 **** Incremental Build of configuration Default for project 2016BigBot ****
make all 
CC -I../include -I../src opcontrol.c
In file included from opcontrol.c:20:0:
../include/helpers.h:14:22: warning: 'invertMotor' defined but not used [-Wunused-variable]
../include/helpers.h:24:13: warning: 'flag' defined but not used [-Wunused-variable]
../include/helpers.h:25:13: warning: 'flag2' defined but not used [-Wunused-variable]
../include/helpers.h:26:12: warning: 'turn_PID_counter' defined but not used [-Wunused-variable]
../include/helpers.h:27:12: warning: 'goStraight_timer' defined but not used [-Wunused-variable]
LN ./bin/auto.o ./bin/helpers.o ./bin/init.o ./bin/opcontrol.o ./bin/pid.o ./bin/shooter.o ./firmware/libccos.a -lgcc -lm to bin/output.elf
   text	   data	    bss	    dec	    hex	filename
  20856	      4	   4816	  25676	   644c	./bin/output.elf
arm-none-eabi-objcopy ./bin/output.elf -O binary ./bin/output.bin
01:10:35 **** Incremental Build of configuration Default for project 2016BigBot ****
make all 
make[1]: Nothing to be done for `all'.
01:14:33 **** Incremental Build of configuration Default for project 2016BigBot ****
make all 
CC -I../include -I../src opcontrol.c
In file included from opcontrol.c:20:0:
../include/helpers.h:14:22: warning: 'invertMotor' defined but not used [-Wunused-variable]
../include/helpers.h:24:13: warning: 'flag' defined but not used [-Wunused-variable]
../include/helpers.h:25:13: warning: 'flag2' defined but not used [-Wunused-variable]
../include/helpers.h:26:12: warning: 'turn_PID_counter' defined but not used [-Wunused-variable]
../include/helpers.h:27:12: warning: 'goStraight_timer' defined but not used [-Wunused-variable]
LN ./bin/auto.o ./bin/helpers.o ./bin/init.o ./bin/opcontrol.o ./bin/pid.o ./bin/shooter.o ./firmware/libccos.a -lgcc -lm to bin/output.elf
   text	   data	    bss	    dec	    hex	filename
  20648	      4	   4816	  25468	   637c	./bin/output.elf
arm-none-eabi-objcopy ./bin/output.elf -O binary ./bin/output.bin
01:14:34 **** Incremental Build of configuration Default for project 2016SmallBot ****
make all 
make[1]: Nothing to be done for `all'.
01:14:36 **** Incremental Build of configuration Default for project 2016BigBot ****
make all 
make[1]: Nothing to be done for `all'.
01:18:01 **** Incremental Build of configuration Default for project 2016BigBot ****
make all 
CC -I../include -I../src opcontrol.c
In file included from opcontrol.c:20:0:
../include/helpers.h:14:22: warning: 'invertMotor' defined but not used [-Wunused-variable]
../include/helpers.h:24:13: warning: 'flag' defined but not used [-Wunused-variable]
../include/helpers.h:25:13: warning: 'flag2' defined but not used [-Wunused-variable]
../include/helpers.h:26:12: warning: 'turn_PID_counter' defined but not used [-Wunused-variable]
../include/helpers.h:27:12: warning: 'goStraight_timer' defined but not used [-Wunused-variable]
LN ./bin/auto.o ./bin/helpers.o ./bin/init.o ./bin/opcontrol.o ./bin/pid.o ./bin/shooter.o ./firmware/libccos.a -lgcc -lm to bin/output.elf
   text	   data	    bss	    dec	    hex	filename
  20280	      4	   4816	  25100	   620c	./bin/output.elf
arm-none-eabi-objcopy ./bin/output.elf -O binary ./bin/output.bin
01:18:01 **** Incremental Build of configuration Default for project 2016SmallBot ****
make all 
make[1]: Nothing to be done for `all'.
01:18:03 **** Incremental Build of configuration Default for project 2016BigBot ****
make all 
make[1]: Nothing to be done for `all'.
01:18:09 **** Incremental Build of configuration Default for project 2016BigBot ****
make all 
make[1]: Nothing to be done for `all'.
01:18:29 **** Incremental Build of configuration Default for project 2016BigBot ****
make all 
make[1]: Nothing to be done for `all'.
01:18:31 **** Incremental Build of configuration Default for project 2016BigBot ****
make all 
make[1]: Nothing to be done for `all'.
01:18:37 **** Incremental Build of configuration Default for project 2016BigBot ****
make all 
make[1]: Nothing to be done for `all'.
01:18:38 **** Incremental Build of configuration Default for project 2016BigBot ****
make all 
make[1]: Nothing to be done for `all'.
01:19:57 **** Incremental Build of configuration Default for project 2016BigBot ****
make all 
make[1]: Nothing to be done for `all'.
01:20:03 **** Incremental Build of configuration Default for project 2016BigBot ****
make all 
make[1]: Nothing to be done for `all'.
01:20:05 **** Incremental Build of configuration Default for project 2016BigBot ****
make all 
make[1]: Nothing to be done for `all'.
01:21:56 **** Incremental Build of configuration Default for project 2016BigBot ****
make all 
CC -I../include -I../src opcontrol.c
opcontrol.c: In function 'operatorControl':
opcontrol.c:53:9: warning: unused variable 'djoyRX' [-Wunused-variable]
In file included from opcontrol.c:20:0:
opcontrol.c: At top level:
../include/helpers.h:14:22: warning: 'invertMotor' defined but not used [-Wunused-variable]
../include/helpers.h:24:13: warning: 'flag' defined but not used [-Wunused-variable]
../include/helpers.h:25:13: warning: 'flag2' defined but not used [-Wunused-variable]
../include/helpers.h:26:12: warning: 'turn_PID_counter' defined but not used [-Wunused-variable]
../include/helpers.h:27:12: warning: 'goStraight_timer' defined but not used [-Wunused-variable]
LN ./bin/auto.o ./bin/helpers.o ./bin/init.o ./bin/opcontrol.o ./bin/pid.o ./bin/shooter.o ./firmware/libccos.a -lgcc -lm to bin/output.elf
   text	   data	    bss	    dec	    hex	filename
  17668	      4	   4800	  22472	   57c8	./bin/output.elf
arm-none-eabi-objcopy ./bin/output.elf -O binary ./bin/output.bin
01:22:12 **** Incremental Build of configuration Default for project 2016BigBot ****
make all 
make[1]: Nothing to be done for `all'.
19:26:36 **** Incremental Build of configuration Default for project 2016BigBot ****
make all 
CC -I../include -I../src auto.c
In file included from auto.c:19:0:
../include/helpers.h:14:22: warning: 'invertMotor' defined but not used [-Wunused-variable]
../include/helpers.h:24:13: warning: 'flag' defined but not used [-Wunused-variable]
../include/helpers.h:25:13: warning: 'flag2' defined but not used [-Wunused-variable]
../include/helpers.h:26:12: warning: 'turn_PID_counter' defined but not used [-Wunused-variable]
../include/helpers.h:27:12: warning: 'goStraight_timer' defined but not used [-Wunused-variable]
CC -I../include -I../src helpers.c
In file included from helpers.c:10:0:
../include/helpers.h:24:13: warning: 'flag' defined but not used [-Wunused-variable]
CC -I../include -I../src init.c
In file included from init.c:19:0:
../include/helpers.h:14:22: warning: 'invertMotor' defined but not used [-Wunused-variable]
../include/helpers.h:24:13: warning: 'flag' defined but not used [-Wunused-variable]
../include/helpers.h:25:13: warning: 'flag2' defined but not used [-Wunused-variable]
../include/helpers.h:26:12: warning: 'turn_PID_counter' defined but not used [-Wunused-variable]
../include/helpers.h:27:12: warning: 'goStraight_timer' defined but not used [-Wunused-variable]
CC -I../include -I../src opcontrol.c
In file included from opcontrol.c:20:0:
../include/helpers.h:14:22: warning: 'invertMotor' defined but not used [-Wunused-variable]
../include/helpers.h:24:13: warning: 'flag' defined but not used [-Wunused-variable]
../include/helpers.h:25:13: warning: 'flag2' defined but not used [-Wunused-variable]
../include/helpers.h:26:12: warning: 'turn_PID_counter' defined but not used [-Wunused-variable]
../include/helpers.h:27:12: warning: 'goStraight_timer' defined but not used [-Wunused-variable]
CC -I../include -I../src pid.c
CC -I../include -I../src shooter.c
In file included from ../include/shooter.h:13:0,
                 from shooter.c:1:
../include/helpers.h:14:22: warning: 'invertMotor' defined but not used [-Wunused-variable]
../include/helpers.h:24:13: warning: 'flag' defined but not used [-Wunused-variable]
../include/helpers.h:25:13: warning: 'flag2' defined but not used [-Wunused-variable]
../include/helpers.h:26:12: warning: 'turn_PID_counter' defined but not used [-Wunused-variable]
../include/helpers.h:27:12: warning: 'goStraight_timer' defined but not used [-Wunused-variable]
LN ./bin/auto.o ./bin/helpers.o ./bin/init.o ./bin/opcontrol.o ./bin/pid.o ./bin/shooter.o ./firmware/libccos.a -lgcc -lm to bin/output.elf
   text	   data	    bss	    dec	    hex	filename
  18060	      4	   4800	  22864	   5950	./bin/output.elf
arm-none-eabi-objcopy ./bin/output.elf -O binary ./bin/output.bin
19:30:59 **** Incremental Build of configuration Default for project 2016BigBot ****
make all 
make[1]: Nothing to be done for `all'.
19:31:26 **** Incremental Build of configuration Default for project 2016BigBot ****
make all 
make[1]: Nothing to be done for `all'.
19:33:26 **** Incremental Build of configuration Default for project 2016BigBot ****
make all 
make[1]: Nothing to be done for `all'.
19:33:35 **** Incremental Build of configuration Default for project 2016BigBot ****
make all 
make[1]: Nothing to be done for `all'.
19:41:24 **** Incremental Build of configuration Default for project 2016BigBot ****
make all 
CC -I../include -I../src opcontrol.c
In file included from opcontrol.c:20:0:
../include/helpers.h:14:22: warning: 'invertMotor' defined but not used [-Wunused-variable]
../include/helpers.h:24:13: warning: 'flag' defined but not used [-Wunused-variable]
../include/helpers.h:25:13: warning: 'flag2' defined but not used [-Wunused-variable]
../include/helpers.h:26:12: warning: 'turn_PID_counter' defined but not used [-Wunused-variable]
../include/helpers.h:27:12: warning: 'goStraight_timer' defined but not used [-Wunused-variable]
LN ./bin/auto.o ./bin/helpers.o ./bin/init.o ./bin/opcontrol.o ./bin/pid.o ./bin/shooter.o ./firmware/libccos.a -lgcc -lm to bin/output.elf
   text	   data	    bss	    dec	    hex	filename
  18060	      4	   4800	  22864	   5950	./bin/output.elf
arm-none-eabi-objcopy ./bin/output.elf -O binary ./bin/output.bin
19:41:34 **** Incremental Build of configuration Default for project 2016BigBot ****
make all 
make[1]: Nothing to be done for `all'.
19:52:28 **** Incremental Build of configuration Default for project 2016BigBot ****
make all 
CC -I../include -I../src helpers.c
In file included from helpers.c:10:0:
../include/helpers.h:24:13: warning: 'flag' defined but not used [-Wunused-variable]
CC -I../include -I../src opcontrol.c
In file included from opcontrol.c:20:0:
../include/helpers.h:14:22: warning: 'invertMotor' defined but not used [-Wunused-variable]
../include/helpers.h:24:13: warning: 'flag' defined but not used [-Wunused-variable]
../include/helpers.h:25:13: warning: 'flag2' defined but not used [-Wunused-variable]
../include/helpers.h:26:12: warning: 'turn_PID_counter' defined but not used [-Wunused-variable]
../include/helpers.h:27:12: warning: 'goStraight_timer' defined but not used [-Wunused-variable]
LN ./bin/auto.o ./bin/helpers.o ./bin/init.o ./bin/opcontrol.o ./bin/pid.o ./bin/shooter.o ./firmware/libccos.a -lgcc -lm to bin/output.elf
   text	   data	    bss	    dec	    hex	filename
  18020	      4	   4800	  22824	   5928	./bin/output.elf
arm-none-eabi-objcopy ./bin/output.elf -O binary ./bin/output.bin
19:52:30 **** Incremental Build of configuration Default for project 2016BigBot ****
make all 
make[1]: Nothing to be done for `all'.
19:53:57 **** Incremental Build of configuration Default for project 2016BigBot ****
make all 
make[1]: Nothing to be done for `all'.
19:53:59 **** Incremental Build of configuration Default for project 2016BigBot ****
make all 
make[1]: Nothing to be done for `all'.
19:54:01 **** Incremental Build of configuration Default for project 2016BigBot ****
make all 
make[1]: Nothing to be done for `all'.
19:54:05 **** Incremental Build of configuration Default for project 2016BigBot ****
make all 
make[1]: Nothing to be done for `all'.
19:54:07 **** Incremental Build of configuration Default for project 2016BigBot ****
make all 
make[1]: Nothing to be done for `all'.
19:55:40 **** Incremental Build of configuration Default for project 2016BigBot ****
make all 
CC -I../include -I../src auto.c
In file included from auto.c:19:0:
../include/helpers.h:14:22: warning: 'invertMotor' defined but not used [-Wunused-variable]
../include/helpers.h:24:13: warning: 'flag' defined but not used [-Wunused-variable]
../include/helpers.h:25:13: warning: 'flag2' defined but not used [-Wunused-variable]
../include/helpers.h:26:12: warning: 'turn_PID_counter' defined but not used [-Wunused-variable]
../include/helpers.h:27:12: warning: 'goStraight_timer' defined but not used [-Wunused-variable]
CC -I../include -I../src helpers.c
In file included from helpers.c:10:0:
../include/helpers.h:24:13: warning: 'flag' defined but not used [-Wunused-variable]
CC -I../include -I../src init.c
In file included from init.c:19:0:
../include/helpers.h:14:22: warning: 'invertMotor' defined but not used [-Wunused-variable]
../include/helpers.h:24:13: warning: 'flag' defined but not used [-Wunused-variable]
../include/helpers.h:25:13: warning: 'flag2' defined but not used [-Wunused-variable]
../include/helpers.h:26:12: warning: 'turn_PID_counter' defined but not used [-Wunused-variable]
../include/helpers.h:27:12: warning: 'goStraight_timer' defined but not used [-Wunused-variable]
CC -I../include -I../src opcontrol.c
In file included from opcontrol.c:20:0:
../include/helpers.h:14:22: warning: 'invertMotor' defined but not used [-Wunused-variable]
../include/helpers.h:24:13: warning: 'flag' defined but not used [-Wunused-variable]
../include/helpers.h:25:13: warning: 'flag2' defined but not used [-Wunused-variable]
../include/helpers.h:26:12: warning: 'turn_PID_counter' defined but not used [-Wunused-variable]
../include/helpers.h:27:12: warning: 'goStraight_timer' defined but not used [-Wunused-variable]
CC -I../include -I../src pid.c
CC -I../include -I../src shooter.c
In file included from ../include/shooter.h:13:0,
                 from shooter.c:1:
../include/helpers.h:14:22: warning: 'invertMotor' defined but not used [-Wunused-variable]
../include/helpers.h:24:13: warning: 'flag' defined but not used [-Wunused-variable]
../include/helpers.h:25:13: warning: 'flag2' defined but not used [-Wunused-variable]
../include/helpers.h:26:12: warning: 'turn_PID_counter' defined but not used [-Wunused-variable]
../include/helpers.h:27:12: warning: 'goStraight_timer' defined but not used [-Wunused-variable]
LN ./bin/auto.o ./bin/helpers.o ./bin/init.o ./bin/opcontrol.o ./bin/pid.o ./bin/shooter.o ./firmware/libccos.a -lgcc -lm to bin/output.elf
   text	   data	    bss	    dec	    hex	filename
  18020	      4	   4800	  22824	   5928	./bin/output.elf
arm-none-eabi-objcopy ./bin/output.elf -O binary ./bin/output.bin
19:55:50 **** Incremental Build of configuration Default for project 2016BigBot ****
make all 
make[1]: Nothing to be done for `all'.
19:56:58 **** Incremental Build of configuration Default for project 2016BigBot ****
make all 
make[1]: Nothing to be done for `all'.
19:56:59 **** Incremental Build of configuration Default for project 2016BigBot ****
make all 
make[1]: Nothing to be done for `all'.
19:57:01 **** Incremental Build of configuration Default for project 2016BigBot ****
make all 
make[1]: Nothing to be done for `all'.
19:58:02 **** Incremental Build of configuration Default for project 2016BigBot ****
make all 
CC -I../include -I../src helpers.c
In file included from helpers.c:10:0:
../include/helpers.h:24:13: warning: 'flag' defined but not used [-Wunused-variable]
LN ./bin/auto.o ./bin/helpers.o ./bin/init.o ./bin/opcontrol.o ./bin/pid.o ./bin/shooter.o ./firmware/libccos.a -lgcc -lm to bin/output.elf
   text	   data	    bss	    dec	    hex	filename
  18020	      4	   4800	  22824	   5928	./bin/output.elf
arm-none-eabi-objcopy ./bin/output.elf -O binary ./bin/output.bin
19:58:17 **** Incremental Build of configuration Default for project 2016BigBot ****
make all 
make[1]: Nothing to be done for `all'.
19:58:59 **** Incremental Build of configuration Default for project 2016BigBot ****
make all 
CC -I../include -I../src helpers.c
In file included from helpers.c:10:0:
../include/helpers.h:24:13: warning: 'flag' defined but not used [-Wunused-variable]
LN ./bin/auto.o ./bin/helpers.o ./bin/init.o ./bin/opcontrol.o ./bin/pid.o ./bin/shooter.o ./firmware/libccos.a -lgcc -lm to bin/output.elf
   text	   data	    bss	    dec	    hex	filename
  18020	      4	   4800	  22824	   5928	./bin/output.elf
arm-none-eabi-objcopy ./bin/output.elf -O binary ./bin/output.bin
19:59:01 **** Incremental Build of configuration Default for project 2016BigBot ****
make all 
make[1]: Nothing to be done for `all'.
20:01:21 **** Incremental Build of configuration Default for project 2016BigBot ****
make all 
CC -I../include -I../src auto.c
In file included from auto.c:19:0:
../include/helpers.h:14:22: warning: 'invertMotor' defined but not used [-Wunused-variable]
../include/helpers.h:24:13: warning: 'flag' defined but not used [-Wunused-variable]
../include/helpers.h:25:13: warning: 'flag2' defined but not used [-Wunused-variable]
../include/helpers.h:26:12: warning: 'turn_PID_counter' defined but not used [-Wunused-variable]
../include/helpers.h:27:12: warning: 'goStraight_timer' defined but not used [-Wunused-variable]
CC -I../include -I../src helpers.c
In file included from helpers.c:10:0:
../include/helpers.h:24:13: warning: 'flag' defined but not used [-Wunused-variable]
CC -I../include -I../src init.c
In file included from init.c:19:0:
../include/helpers.h:14:22: warning: 'invertMotor' defined but not used [-Wunused-variable]
../include/helpers.h:24:13: warning: 'flag' defined but not used [-Wunused-variable]
../include/helpers.h:25:13: warning: 'flag2' defined but not used [-Wunused-variable]
../include/helpers.h:26:12: warning: 'turn_PID_counter' defined but not used [-Wunused-variable]
../include/helpers.h:27:12: warning: 'goStraight_timer' defined but not used [-Wunused-variable]
CC -I../include -I../src opcontrol.c
In file included from opcontrol.c:20:0:
../include/helpers.h:14:22: warning: 'invertMotor' defined but not used [-Wunused-variable]
../include/helpers.h:24:13: warning: 'flag' defined but not used [-Wunused-variable]
../include/helpers.h:25:13: warning: 'flag2' defined but not used [-Wunused-variable]
../include/helpers.h:26:12: warning: 'turn_PID_counter' defined but not used [-Wunused-variable]
../include/helpers.h:27:12: warning: 'goStraight_timer' defined but not used [-Wunused-variable]
CC -I../include -I../src pid.c
CC -I../include -I../src shooter.c
In file included from ../include/shooter.h:13:0,
                 from shooter.c:1:
../include/helpers.h:14:22: warning: 'invertMotor' defined but not used [-Wunused-variable]
../include/helpers.h:24:13: warning: 'flag' defined but not used [-Wunused-variable]
../include/helpers.h:25:13: warning: 'flag2' defined but not used [-Wunused-variable]
../include/helpers.h:26:12: warning: 'turn_PID_counter' defined but not used [-Wunused-variable]
../include/helpers.h:27:12: warning: 'goStraight_timer' defined but not used [-Wunused-variable]
LN ./bin/auto.o ./bin/helpers.o ./bin/init.o ./bin/opcontrol.o ./bin/pid.o ./bin/shooter.o ./firmware/libccos.a -lgcc -lm to bin/output.elf
   text	   data	    bss	    dec	    hex	filename
  18060	      4	   4800	  22864	   5950	./bin/output.elf
arm-none-eabi-objcopy ./bin/output.elf -O binary ./bin/output.bin
20:01:24 **** Incremental Build of configuration Default for project 2016BigBot ****
make all 
make[1]: Nothing to be done for `all'.
20:05:43 **** Incremental Build of configuration Default for project 2016BigBot ****
make all 
CC -I../include -I../src opcontrol.c
opcontrol.c: In function 'operatorControl':
opcontrol.c:62:10: warning: unused variable 'mshooter' [-Wunused-variable]
In file included from opcontrol.c:20:0:
opcontrol.c: At top level:
../include/helpers.h:14:22: warning: 'invertMotor' defined but not used [-Wunused-variable]
../include/helpers.h:24:13: warning: 'flag' defined but not used [-Wunused-variable]
../include/helpers.h:25:13: warning: 'flag2' defined but not used [-Wunused-variable]
../include/helpers.h:26:12: warning: 'turn_PID_counter' defined but not used [-Wunused-variable]
../include/helpers.h:27:12: warning: 'goStraight_timer' defined but not used [-Wunused-variable]
LN ./bin/auto.o ./bin/helpers.o ./bin/init.o ./bin/opcontrol.o ./bin/pid.o ./bin/shooter.o ./firmware/libccos.a -lgcc -lm to bin/output.elf
   text	   data	    bss	    dec	    hex	filename
  18236	      4	   4800	  23040	   5a00	./bin/output.elf
arm-none-eabi-objcopy ./bin/output.elf -O binary ./bin/output.bin
20:06:21 **** Incremental Build of configuration Default for project 2016BigBot ****
make all 
make[1]: Nothing to be done for `all'.
20:06:24 **** Incremental Build of configuration Default for project 2016BigBot ****
make all 
make[1]: Nothing to be done for `all'.
20:11:12 **** Incremental Build of configuration Default for project 2016BigBot ****
make all 
CC -I../include -I../src opcontrol.c
opcontrol.c: In function 'operatorControl':
opcontrol.c:62:10: warning: unused variable 'mshooter' [-Wunused-variable]
In file included from opcontrol.c:20:0:
opcontrol.c: At top level:
../include/helpers.h:14:22: warning: 'invertMotor' defined but not used [-Wunused-variable]
../include/helpers.h:24:13: warning: 'flag' defined but not used [-Wunused-variable]
../include/helpers.h:25:13: warning: 'flag2' defined but not used [-Wunused-variable]
../include/helpers.h:26:12: warning: 'turn_PID_counter' defined but not used [-Wunused-variable]
../include/helpers.h:27:12: warning: 'goStraight_timer' defined but not used [-Wunused-variable]
LN ./bin/auto.o ./bin/helpers.o ./bin/init.o ./bin/opcontrol.o ./bin/pid.o ./bin/shooter.o ./firmware/libccos.a -lgcc -lm to bin/output.elf
   text	   data	    bss	    dec	    hex	filename
  18252	      4	   4800	  23056	   5a10	./bin/output.elf
arm-none-eabi-objcopy ./bin/output.elf -O binary ./bin/output.bin
20:11:17 **** Incremental Build of configuration Default for project 2016BigBot ****
make all 
make[1]: Nothing to be done for `all'.
20:39:03 **** Incremental Build of configuration Default for project 2016BigBot ****
make all 
make[1]: Nothing to be done for `all'.
23:09:38 **** Incremental Build of configuration Default for project 2016BigBot ****
make all 
CC -I../include -I../src auto.c
In file included from auto.c:19:0:
../include/helpers.h:14:22: warning: 'invertMotor' defined but not used [-Wunused-variable]
../include/helpers.h:24:13: warning: 'flag' defined but not used [-Wunused-variable]
../include/helpers.h:25:13: warning: 'flag2' defined but not used [-Wunused-variable]
../include/helpers.h:26:12: warning: 'turn_PID_counter' defined but not used [-Wunused-variable]
../include/helpers.h:27:12: warning: 'goStraight_timer' defined but not used [-Wunused-variable]
CC -I../include -I../src helpers.c
In file included from helpers.c:10:0:
../include/helpers.h:24:13: warning: 'flag' defined but not used [-Wunused-variable]
CC -I../include -I../src init.c
In file included from init.c:19:0:
../include/helpers.h:14:22: warning: 'invertMotor' defined but not used [-Wunused-variable]
../include/helpers.h:24:13: warning: 'flag' defined but not used [-Wunused-variable]
../include/helpers.h:25:13: warning: 'flag2' defined but not used [-Wunused-variable]
../include/helpers.h:26:12: warning: 'turn_PID_counter' defined but not used [-Wunused-variable]
../include/helpers.h:27:12: warning: 'goStraight_timer' defined but not used [-Wunused-variable]
CC -I../include -I../src opcontrol.c
opcontrol.c: In function 'operatorControl':
opcontrol.c:62:10: warning: unused variable 'mshooter' [-Wunused-variable]
In file included from opcontrol.c:20:0:
opcontrol.c: At top level:
../include/helpers.h:14:22: warning: 'invertMotor' defined but not used [-Wunused-variable]
../include/helpers.h:24:13: warning: 'flag' defined but not used [-Wunused-variable]
../include/helpers.h:25:13: warning: 'flag2' defined but not used [-Wunused-variable]
../include/helpers.h:26:12: warning: 'turn_PID_counter' defined but not used [-Wunused-variable]
../include/helpers.h:27:12: warning: 'goStraight_timer' defined but not used [-Wunused-variable]
CC -I../include -I../src pid.c
CC -I../include -I../src shooter.c
In file included from ../include/shooter.h:13:0,
                 from shooter.c:1:
../include/helpers.h:14:22: warning: 'invertMotor' defined but not used [-Wunused-variable]
../include/helpers.h:24:13: warning: 'flag' defined but not used [-Wunused-variable]
../include/helpers.h:25:13: warning: 'flag2' defined but not used [-Wunused-variable]
../include/helpers.h:26:12: warning: 'turn_PID_counter' defined but not used [-Wunused-variable]
../include/helpers.h:27:12: warning: 'goStraight_timer' defined but not used [-Wunused-variable]
LN ./bin/auto.o ./bin/helpers.o ./bin/init.o ./bin/opcontrol.o ./bin/pid.o ./bin/shooter.o ./firmware/libccos.a -lgcc -lm to bin/output.elf
   text	   data	    bss	    dec	    hex	filename
  18252	      4	   4800	  23056	   5a10	./bin/output.elf
arm-none-eabi-objcopy ./bin/output.elf -O binary ./bin/output.bin
23:09:45 **** Incremental Build of configuration Default for project 2016BigBot ****
make all 
make[1]: Nothing to be done for `all'.
23:09:49 **** Incremental Build of configuration Default for project 2016BigBot ****
make all 
make[1]: Nothing to be done for `all'.
23:09:53 **** Incremental Build of configuration Default for project 2016BigBot ****
make all 
make[1]: Nothing to be done for `all'.
23:10:15 **** Incremental Build of configuration Default for project 2016BigBot ****
make all 
make[1]: Nothing to be done for `all'.
01:14:44 **** Incremental Build of configuration Default for project 2016BigBot ****
make all 
CC -I../include -I../src opcontrol.c
In file included from opcontrol.c:20:0:
../include/helpers.h:14:22: warning: 'invertMotor' defined but not used [-Wunused-variable]
../include/helpers.h:24:13: warning: 'flag' defined but not used [-Wunused-variable]
../include/helpers.h:25:13: warning: 'flag2' defined but not used [-Wunused-variable]
../include/helpers.h:26:12: warning: 'turn_PID_counter' defined but not used [-Wunused-variable]
../include/helpers.h:27:12: warning: 'goStraight_timer' defined but not used [-Wunused-variable]
LN ./bin/auto.o ./bin/helpers.o ./bin/init.o ./bin/opcontrol.o ./bin/pid.o ./bin/shooter.o ./firmware/libccos.a -lgcc -lm to bin/output.elf
   text	   data	    bss	    dec	    hex	filename
  18288	      4	   4800	  23092	   5a34	./bin/output.elf
arm-none-eabi-objcopy ./bin/output.elf -O binary ./bin/output.bin
01:15:03 **** Incremental Build of configuration Default for project 2016BigBot ****
make all 
make[1]: Nothing to be done for `all'.
01:15:13 **** Incremental Build of configuration Default for project 2016BigBot ****
make all 
make[1]: Nothing to be done for `all'.
01:15:28 **** Incremental Build of configuration Default for project 2016BigBot ****
make all 
make[1]: Nothing to be done for `all'.
01:15:43 **** Incremental Build of configuration Default for project 2016BigBot ****
make all 
make[1]: Nothing to be done for `all'.
01:18:31 **** Incremental Build of configuration Default for project 2016BigBot ****
make all 
make[1]: Nothing to be done for `all'.
01:18:44 **** Incremental Build of configuration Default for project 2016BigBot ****
make all 
make[1]: Nothing to be done for `all'.
01:21:43 **** Incremental Build of configuration Default for project 2016BigBot ****
make all 
CC -I../include -I../src auto.c
In file included from auto.c:19:0:
../include/helpers.h:14:22: warning: 'invertMotor' defined but not used [-Wunused-variable]
../include/helpers.h:24:13: warning: 'flag' defined but not used [-Wunused-variable]
../include/helpers.h:25:13: warning: 'flag2' defined but not used [-Wunused-variable]
../include/helpers.h:26:12: warning: 'turn_PID_counter' defined but not used [-Wunused-variable]
../include/helpers.h:27:12: warning: 'goStraight_timer' defined but not used [-Wunused-variable]
CC -I../include -I../src helpers.c
In file included from helpers.c:10:0:
../include/helpers.h:24:13: warning: 'flag' defined but not used [-Wunused-variable]
CC -I../include -I../src init.c
In file included from init.c:19:0:
../include/helpers.h:14:22: warning: 'invertMotor' defined but not used [-Wunused-variable]
../include/helpers.h:24:13: warning: 'flag' defined but not used [-Wunused-variable]
../include/helpers.h:25:13: warning: 'flag2' defined but not used [-Wunused-variable]
../include/helpers.h:26:12: warning: 'turn_PID_counter' defined but not used [-Wunused-variable]
../include/helpers.h:27:12: warning: 'goStraight_timer' defined but not used [-Wunused-variable]
CC -I../include -I../src opcontrol.c
In file included from opcontrol.c:20:0:
../include/helpers.h:14:22: warning: 'invertMotor' defined but not used [-Wunused-variable]
../include/helpers.h:24:13: warning: 'flag' defined but not used [-Wunused-variable]
../include/helpers.h:25:13: warning: 'flag2' defined but not used [-Wunused-variable]
../include/helpers.h:26:12: warning: 'turn_PID_counter' defined but not used [-Wunused-variable]
../include/helpers.h:27:12: warning: 'goStraight_timer' defined but not used [-Wunused-variable]
CC -I../include -I../src pid.c
CC -I../include -I../src shooter.c
In file included from ../include/shooter.h:13:0,
                 from shooter.c:1:
../include/helpers.h:14:22: warning: 'invertMotor' defined but not used [-Wunused-variable]
../include/helpers.h:24:13: warning: 'flag' defined but not used [-Wunused-variable]
../include/helpers.h:25:13: warning: 'flag2' defined but not used [-Wunused-variable]
../include/helpers.h:26:12: warning: 'turn_PID_counter' defined but not used [-Wunused-variable]
../include/helpers.h:27:12: warning: 'goStraight_timer' defined but not used [-Wunused-variable]
LN ./bin/auto.o ./bin/helpers.o ./bin/init.o ./bin/opcontrol.o ./bin/pid.o ./bin/shooter.o ./firmware/libccos.a -lgcc -lm to bin/output.elf
   text	   data	    bss	    dec	    hex	filename
  18288	      4	   4800	  23092	   5a34	./bin/output.elf
arm-none-eabi-objcopy ./bin/output.elf -O binary ./bin/output.bin
01:22:02 **** Incremental Build of configuration Default for project 2016BigBot ****
make all 
make[1]: Nothing to be done for `all'.
01:22:33 **** Incremental Build of configuration Default for project 2016BigBot ****
make all 
CC -I../include -I../src opcontrol.c
In file included from opcontrol.c:20:0:
../include/helpers.h:14:22: warning: 'invertMotor' defined but not used [-Wunused-variable]
../include/helpers.h:24:13: warning: 'flag' defined but not used [-Wunused-variable]
../include/helpers.h:25:13: warning: 'flag2' defined but not used [-Wunused-variable]
../include/helpers.h:26:12: warning: 'turn_PID_counter' defined but not used [-Wunused-variable]
../include/helpers.h:27:12: warning: 'goStraight_timer' defined but not used [-Wunused-variable]
LN ./bin/auto.o ./bin/helpers.o ./bin/init.o ./bin/opcontrol.o ./bin/pid.o ./bin/shooter.o ./firmware/libccos.a -lgcc -lm to bin/output.elf
   text	   data	    bss	    dec	    hex	filename
  18316	      4	   4800	  23120	   5a50	./bin/output.elf
arm-none-eabi-objcopy ./bin/output.elf -O binary ./bin/output.bin
01:22:36 **** Incremental Build of configuration Default for project 2016BigBot ****
make all 
make[1]: Nothing to be done for `all'.
01:25:38 **** Incremental Build of configuration Default for project 2016BigBot ****
make all 
CC -I../include -I../src opcontrol.c
In file included from opcontrol.c:20:0:
../include/helpers.h:14:22: warning: 'invertMotor' defined but not used [-Wunused-variable]
../include/helpers.h:24:13: warning: 'flag' defined but not used [-Wunused-variable]
../include/helpers.h:25:13: warning: 'flag2' defined but not used [-Wunused-variable]
../include/helpers.h:26:12: warning: 'turn_PID_counter' defined but not used [-Wunused-variable]
../include/helpers.h:27:12: warning: 'goStraight_timer' defined but not used [-Wunused-variable]
LN ./bin/auto.o ./bin/helpers.o ./bin/init.o ./bin/opcontrol.o ./bin/pid.o ./bin/shooter.o ./firmware/libccos.a -lgcc -lm to bin/output.elf
   text	   data	    bss	    dec	    hex	filename
  18316	      4	   4800	  23120	   5a50	./bin/output.elf
arm-none-eabi-objcopy ./bin/output.elf -O binary ./bin/output.bin
01:25:40 **** Incremental Build of configuration Default for project 2016BigBot ****
make all 
make[1]: Nothing to be done for `all'.
01:34:36 **** Incremental Build of configuration Default for project 2016BigBot ****
make all 
CC -I../include -I../src opcontrol.c
opcontrol.c: In function 'operatorControl':
opcontrol.c:62:10: warning: unused variable 'mshooter' [-Wunused-variable]
In file included from opcontrol.c:20:0:
opcontrol.c: At top level:
../include/helpers.h:14:22: warning: 'invertMotor' defined but not used [-Wunused-variable]
../include/helpers.h:24:13: warning: 'flag' defined but not used [-Wunused-variable]
../include/helpers.h:25:13: warning: 'flag2' defined but not used [-Wunused-variable]
../include/helpers.h:26:12: warning: 'turn_PID_counter' defined but not used [-Wunused-variable]
../include/helpers.h:27:12: warning: 'goStraight_timer' defined but not used [-Wunused-variable]
LN ./bin/auto.o ./bin/helpers.o ./bin/init.o ./bin/opcontrol.o ./bin/pid.o ./bin/shooter.o ./firmware/libccos.a -lgcc -lm to bin/output.elf
   text	   data	    bss	    dec	    hex	filename
  20664	      4	   4800	  25468	   637c	./bin/output.elf
arm-none-eabi-objcopy ./bin/output.elf -O binary ./bin/output.bin
01:36:24 **** Incremental Build of configuration Default for project 2016BigBot ****
make all 
make[1]: Nothing to be done for `all'.
01:36:27 **** Incremental Build of configuration Default for project 2016BigBot ****
make all 
CC -I../include -I../src opcontrol.c
opcontrol.c: In function 'operatorControl':
opcontrol.c:62:10: warning: unused variable 'mshooter' [-Wunused-variable]
In file included from opcontrol.c:20:0:
opcontrol.c: At top level:
../include/helpers.h:14:22: warning: 'invertMotor' defined but not used [-Wunused-variable]
../include/helpers.h:24:13: warning: 'flag' defined but not used [-Wunused-variable]
../include/helpers.h:25:13: warning: 'flag2' defined but not used [-Wunused-variable]
../include/helpers.h:26:12: warning: 'turn_PID_counter' defined but not used [-Wunused-variable]
../include/helpers.h:27:12: warning: 'goStraight_timer' defined but not used [-Wunused-variable]
LN ./bin/auto.o ./bin/helpers.o ./bin/init.o ./bin/opcontrol.o ./bin/pid.o ./bin/shooter.o ./firmware/libccos.a -lgcc -lm to bin/output.elf
   text	   data	    bss	    dec	    hex	filename
  20664	      4	   4800	  25468	   637c	./bin/output.elf
arm-none-eabi-objcopy ./bin/output.elf -O binary ./bin/output.bin
01:40:02 **** Incremental Build of configuration Default for project 2016BigBot ****
make all 
CC -I../include -I../src opcontrol.c
opcontrol.c: In function 'operatorControl':
opcontrol.c:62:10: warning: unused variable 'mshooter' [-Wunused-variable]
In file included from opcontrol.c:20:0:
opcontrol.c: At top level:
../include/helpers.h:14:22: warning: 'invertMotor' defined but not used [-Wunused-variable]
../include/helpers.h:24:13: warning: 'flag' defined but not used [-Wunused-variable]
../include/helpers.h:25:13: warning: 'flag2' defined but not used [-Wunused-variable]
../include/helpers.h:26:12: warning: 'turn_PID_counter' defined but not used [-Wunused-variable]
../include/helpers.h:27:12: warning: 'goStraight_timer' defined but not used [-Wunused-variable]
LN ./bin/auto.o ./bin/helpers.o ./bin/init.o ./bin/opcontrol.o ./bin/pid.o ./bin/shooter.o ./firmware/libccos.a -lgcc -lm to bin/output.elf
   text	   data	    bss	    dec	    hex	filename
  20648	      4	   4800	  25452	   636c	./bin/output.elf
arm-none-eabi-objcopy ./bin/output.elf -O binary ./bin/output.bin
01:40:04 **** Incremental Build of configuration Default for project 2016BigBot ****
make all 
make[1]: Nothing to be done for `all'.
01:41:08 **** Incremental Build of configuration Default for project 2016BigBot ****
make all 
CC -I../include -I../src opcontrol.c
opcontrol.c: In function 'operatorControl':
opcontrol.c:62:10: warning: unused variable 'mshooter' [-Wunused-variable]
In file included from opcontrol.c:20:0:
opcontrol.c: At top level:
../include/helpers.h:14:22: warning: 'invertMotor' defined but not used [-Wunused-variable]
../include/helpers.h:24:13: warning: 'flag' defined but not used [-Wunused-variable]
../include/helpers.h:25:13: warning: 'flag2' defined but not used [-Wunused-variable]
../include/helpers.h:26:12: warning: 'turn_PID_counter' defined but not used [-Wunused-variable]
../include/helpers.h:27:12: warning: 'goStraight_timer' defined but not used [-Wunused-variable]
LN ./bin/auto.o ./bin/helpers.o ./bin/init.o ./bin/opcontrol.o ./bin/pid.o ./bin/shooter.o ./firmware/libccos.a -lgcc -lm to bin/output.elf
   text	   data	    bss	    dec	    hex	filename
  20648	      4	   4800	  25452	   636c	./bin/output.elf
arm-none-eabi-objcopy ./bin/output.elf -O binary ./bin/output.bin
01:44:18 **** Incremental Build of configuration Default for project 2016BigBot ****
make all 
CC -I../include -I../src opcontrol.c
opcontrol.c: In function 'operatorControl':
opcontrol.c:62:10: warning: unused variable 'mshooter' [-Wunused-variable]
In file included from opcontrol.c:20:0:
opcontrol.c: At top level:
../include/helpers.h:14:22: warning: 'invertMotor' defined but not used [-Wunused-variable]
../include/helpers.h:24:13: warning: 'flag' defined but not used [-Wunused-variable]
../include/helpers.h:25:13: warning: 'flag2' defined but not used [-Wunused-variable]
../include/helpers.h:26:12: warning: 'turn_PID_counter' defined but not used [-Wunused-variable]
../include/helpers.h:27:12: warning: 'goStraight_timer' defined but not used [-Wunused-variable]
LN ./bin/auto.o ./bin/helpers.o ./bin/init.o ./bin/opcontrol.o ./bin/pid.o ./bin/shooter.o ./firmware/libccos.a -lgcc -lm to bin/output.elf
   text	   data	    bss	    dec	    hex	filename
  20688	      4	   4800	  25492	   6394	./bin/output.elf
arm-none-eabi-objcopy ./bin/output.elf -O binary ./bin/output.bin
01:44:20 **** Incremental Build of configuration Default for project 2016BigBot ****
make all 
make[1]: Nothing to be done for `all'.
01:45:18 **** Incremental Build of configuration Default for project 2016BigBot ****
make all 
make[1]: Nothing to be done for `all'.
01:45:27 **** Incremental Build of configuration Default for project 2016BigBot ****
make all 
make[1]: Nothing to be done for `all'.
01:45:31 **** Incremental Build of configuration Default for project 2016BigBot ****
make all 
CC -I../include -I../src opcontrol.c
opcontrol.c: In function 'operatorControl':
opcontrol.c:62:10: warning: unused variable 'mshooter' [-Wunused-variable]
In file included from opcontrol.c:20:0:
opcontrol.c: At top level:
../include/helpers.h:14:22: warning: 'invertMotor' defined but not used [-Wunused-variable]
../include/helpers.h:24:13: warning: 'flag' defined but not used [-Wunused-variable]
../include/helpers.h:25:13: warning: 'flag2' defined but not used [-Wunused-variable]
../include/helpers.h:26:12: warning: 'turn_PID_counter' defined but not used [-Wunused-variable]
../include/helpers.h:27:12: warning: 'goStraight_timer' defined but not used [-Wunused-variable]
LN ./bin/auto.o ./bin/helpers.o ./bin/init.o ./bin/opcontrol.o ./bin/pid.o ./bin/shooter.o ./firmware/libccos.a -lgcc -lm to bin/output.elf
   text	   data	    bss	    dec	    hex	filename
  20688	      4	   4800	  25492	   6394	./bin/output.elf
arm-none-eabi-objcopy ./bin/output.elf -O binary ./bin/output.bin
01:46:04 **** Incremental Build of configuration Default for project 2016BigBot ****
make all 
CC -I../include -I../src opcontrol.c
opcontrol.c: In function 'operatorControl':
opcontrol.c:62:10: warning: unused variable 'mshooter' [-Wunused-variable]
In file included from opcontrol.c:20:0:
opcontrol.c: At top level:
../include/helpers.h:14:22: warning: 'invertMotor' defined but not used [-Wunused-variable]
../include/helpers.h:24:13: warning: 'flag' defined but not used [-Wunused-variable]
../include/helpers.h:25:13: warning: 'flag2' defined but not used [-Wunused-variable]
../include/helpers.h:26:12: warning: 'turn_PID_counter' defined but not used [-Wunused-variable]
../include/helpers.h:27:12: warning: 'goStraight_timer' defined but not used [-Wunused-variable]
LN ./bin/auto.o ./bin/helpers.o ./bin/init.o ./bin/opcontrol.o ./bin/pid.o ./bin/shooter.o ./firmware/libccos.a -lgcc -lm to bin/output.elf
   text	   data	    bss	    dec	    hex	filename
  20688	      4	   4800	  25492	   6394	./bin/output.elf
arm-none-eabi-objcopy ./bin/output.elf -O binary ./bin/output.bin
01:46:07 **** Incremental Build of configuration Default for project 2016BigBot ****
make all 
make[1]: Nothing to be done for `all'.
01:46:11 **** Incremental Build of configuration Default for project 2016BigBot ****
make all 
make[1]: Nothing to be done for `all'.
01:46:15 **** Incremental Build of configuration Default for project 2016BigBot ****
make all 
make[1]: Nothing to be done for `all'.
01:46:23 **** Incremental Build of configuration Default for project 2016BigBot ****
make all 
make[1]: Nothing to be done for `all'.
01:46:25 **** Incremental Build of configuration Default for project 2016BigBot ****
make all 
make[1]: Nothing to be done for `all'.
01:46:28 **** Incremental Build of configuration Default for project 2016BigBot ****
make all 
make[1]: Nothing to be done for `all'.
01:49:39 **** Incremental Build of configuration Default for project 2016BigBot ****
make all 
CC -I../include -I../src opcontrol.c
opcontrol.c: In function 'operatorControl':
opcontrol.c:62:10: warning: unused variable 'mshooter' [-Wunused-variable]
In file included from opcontrol.c:20:0:
opcontrol.c: At top level:
../include/helpers.h:14:22: warning: 'invertMotor' defined but not used [-Wunused-variable]
../include/helpers.h:24:13: warning: 'flag' defined but not used [-Wunused-variable]
../include/helpers.h:25:13: warning: 'flag2' defined but not used [-Wunused-variable]
../include/helpers.h:26:12: warning: 'turn_PID_counter' defined but not used [-Wunused-variable]
../include/helpers.h:27:12: warning: 'goStraight_timer' defined but not used [-Wunused-variable]
LN ./bin/auto.o ./bin/helpers.o ./bin/init.o ./bin/opcontrol.o ./bin/pid.o ./bin/shooter.o ./firmware/libccos.a -lgcc -lm to bin/output.elf
   text	   data	    bss	    dec	    hex	filename
  20688	      4	   4800	  25492	   6394	./bin/output.elf
arm-none-eabi-objcopy ./bin/output.elf -O binary ./bin/output.bin
01:49:40 **** Incremental Build of configuration Default for project 2016BigBot ****
make all 
make[1]: Nothing to be done for `all'.
01:56:16 **** Incremental Build of configuration Default for project 2016BigBot ****
make all 
CC -I../include -I../src auto.c
In file included from auto.c:19:0:
../include/helpers.h:14:22: warning: 'invertMotor' defined but not used [-Wunused-variable]
../include/helpers.h:24:13: warning: 'flag' defined but not used [-Wunused-variable]
../include/helpers.h:25:13: warning: 'flag2' defined but not used [-Wunused-variable]
../include/helpers.h:26:12: warning: 'turn_PID_counter' defined but not used [-Wunused-variable]
../include/helpers.h:27:12: warning: 'goStraight_timer' defined but not used [-Wunused-variable]
LN ./bin/auto.o ./bin/helpers.o ./bin/init.o ./bin/opcontrol.o ./bin/pid.o ./bin/shooter.o ./firmware/libccos.a -lgcc -lm to bin/output.elf
   text	   data	    bss	    dec	    hex	filename
  19824	      0	   4800	  24624	   6030	./bin/output.elf
arm-none-eabi-objcopy ./bin/output.elf -O binary ./bin/output.bin
01:56:20 **** Incremental Build of configuration Default for project 2016BigBot ****
make all 
make[1]: Nothing to be done for `all'.
01:57:13 **** Incremental Build of configuration Default for project 2016BigBot ****
make all 
make[1]: Nothing to be done for `all'.
01:57:48 **** Incremental Build of configuration Default for project 2016BigBot ****
make all 
make[1]: Nothing to be done for `all'.
01:57:57 **** Incremental Build of configuration Default for project 2016BigBot ****
make all 
make[1]: Nothing to be done for `all'.
01:58:05 **** Incremental Build of configuration Default for project 2016BigBot ****
make all 
make[1]: Nothing to be done for `all'.
01:58:46 **** Incremental Build of configuration Default for project 2016BigBot ****
make all 
make[1]: Nothing to be done for `all'.
01:58:50 **** Incremental Build of configuration Default for project 2016BigBot ****
make all 
make[1]: Nothing to be done for `all'.
01:58:51 **** Incremental Build of configuration Default for project 2016BigBot ****
make all 
make[1]: Nothing to be done for `all'.
01:58:56 **** Incremental Build of configuration Default for project 2016BigBot ****
make all 
make[1]: Nothing to be done for `all'.
02:00:13 **** Incremental Build of configuration Default for project 2016BigBot ****
make all 
CC -I../include -I../src opcontrol.c
opcontrol.c: In function 'operatorControl':
opcontrol.c:62:10: warning: unused variable 'mshooter' [-Wunused-variable]
In file included from opcontrol.c:20:0:
opcontrol.c: At top level:
../include/helpers.h:14:22: warning: 'invertMotor' defined but not used [-Wunused-variable]
../include/helpers.h:24:13: warning: 'flag' defined but not used [-Wunused-variable]
../include/helpers.h:25:13: warning: 'flag2' defined but not used [-Wunused-variable]
../include/helpers.h:26:12: warning: 'turn_PID_counter' defined but not used [-Wunused-variable]
../include/helpers.h:27:12: warning: 'goStraight_timer' defined but not used [-Wunused-variable]
LN ./bin/auto.o ./bin/helpers.o ./bin/init.o ./bin/opcontrol.o ./bin/pid.o ./bin/shooter.o ./firmware/libccos.a -lgcc -lm to bin/output.elf
   text	   data	    bss	    dec	    hex	filename
  19824	      0	   4800	  24624	   6030	./bin/output.elf
arm-none-eabi-objcopy ./bin/output.elf -O binary ./bin/output.bin
02:00:17 **** Incremental Build of configuration Default for project 2016BigBot ****
make all 
make[1]: Nothing to be done for `all'.
02:00:21 **** Incremental Build of configuration Default for project 2016BigBot ****
make all 
make[1]: Nothing to be done for `all'.
02:17:34 **** Incremental Build of configuration Default for project 2016BigBot ****
make all 
CC -I../include -I../src auto.c
In file included from auto.c:19:0:
../include/helpers.h:14:22: warning: 'invertMotor' defined but not used [-Wunused-variable]
../include/helpers.h:24:13: warning: 'flag' defined but not used [-Wunused-variable]
../include/helpers.h:25:13: warning: 'flag2' defined but not used [-Wunused-variable]
../include/helpers.h:26:12: warning: 'turn_PID_counter' defined but not used [-Wunused-variable]
../include/helpers.h:27:12: warning: 'goStraight_timer' defined but not used [-Wunused-variable]
CC -I../include -I../src helpers.c
helpers.c: In function 'getVelocity':
helpers.c:386:2: error: 'velocity' undeclared (first use in this function)
helpers.c:386:2: note: each undeclared identifier is reported only once for each function it appears in
In file included from helpers.c:10:0:
helpers.c: At top level:
../include/helpers.h:24:13: warning: 'flag' defined but not used [-Wunused-variable]
helpers.c: In function 'getVelocity':
helpers.c:390:1: warning: control reaches end of non-void function [-Wreturn-type]
make[1]: *** [../bin/helpers.o] Error 1
make: *** [src] Error 2
02:17:38 **** Incremental Build of configuration Default for project 2016BigBot ****
make all 
CC -I../include -I../src helpers.c
helpers.c: In function 'getVelocity':
helpers.c:386:2: error: 'velocity' undeclared (first use in this function)
helpers.c:386:2: note: each undeclared identifier is reported only once for each function it appears in
In file included from helpers.c:10:0:
helpers.c: At top level:
../include/helpers.h:24:13: warning: 'flag' defined but not used [-Wunused-variable]
helpers.c: In function 'getVelocity':
helpers.c:390:1: warning: control reaches end of non-void function [-Wreturn-type]
make[1]: *** [../bin/helpers.o] Error 1
make: *** [src] Error 2
02:18:22 **** Incremental Build of configuration Default for project 2016BigBot ****
make all 
CC -I../include -I../src helpers.c
In file included from helpers.c:10:0:
../include/helpers.h:24:13: warning: 'flag' defined but not used [-Wunused-variable]
CC -I../include -I../src init.c
In file included from init.c:19:0:
../include/helpers.h:14:22: warning: 'invertMotor' defined but not used [-Wunused-variable]
../include/helpers.h:24:13: warning: 'flag' defined but not used [-Wunused-variable]
../include/helpers.h:25:13: warning: 'flag2' defined but not used [-Wunused-variable]
../include/helpers.h:26:12: warning: 'turn_PID_counter' defined but not used [-Wunused-variable]
../include/helpers.h:27:12: warning: 'goStraight_timer' defined but not used [-Wunused-variable]
CC -I../include -I../src opcontrol.c
opcontrol.c: In function 'operatorControl':
opcontrol.c:62:10: warning: unused variable 'mshooter' [-Wunused-variable]
In file included from opcontrol.c:20:0:
opcontrol.c: At top level:
../include/helpers.h:14:22: warning: 'invertMotor' defined but not used [-Wunused-variable]
../include/helpers.h:24:13: warning: 'flag' defined but not used [-Wunused-variable]
../include/helpers.h:25:13: warning: 'flag2' defined but not used [-Wunused-variable]
../include/helpers.h:26:12: warning: 'turn_PID_counter' defined but not used [-Wunused-variable]
../include/helpers.h:27:12: warning: 'goStraight_timer' defined but not used [-Wunused-variable]
CC -I../include -I../src pid.c
CC -I../include -I../src shooter.c
In file included from ../include/shooter.h:13:0,
                 from shooter.c:1:
../include/helpers.h:14:22: warning: 'invertMotor' defined but not used [-Wunused-variable]
../include/helpers.h:24:13: warning: 'flag' defined but not used [-Wunused-variable]
../include/helpers.h:25:13: warning: 'flag2' defined but not used [-Wunused-variable]
../include/helpers.h:26:12: warning: 'turn_PID_counter' defined but not used [-Wunused-variable]
../include/helpers.h:27:12: warning: 'goStraight_timer' defined but not used [-Wunused-variable]
LN ./bin/auto.o ./bin/helpers.o ./bin/init.o ./bin/opcontrol.o ./bin/pid.o ./bin/shooter.o ./firmware/libccos.a -lgcc -lm to bin/output.elf
   text	   data	    bss	    dec	    hex	filename
  19892	      0	   4808	  24700	   607c	./bin/output.elf
arm-none-eabi-objcopy ./bin/output.elf -O binary ./bin/output.bin
02:18:31 **** Incremental Build of configuration Default for project 2016BigBot ****
make all 
make[1]: Nothing to be done for `all'.
02:19:31 **** Incremental Build of configuration Default for project 2016BigBot ****
make all 
make[1]: Nothing to be done for `all'.
02:19:36 **** Incremental Build of configuration Default for project 2016BigBot ****
make all 
make[1]: Nothing to be done for `all'.
02:20:06 **** Incremental Build of configuration Default for project 2016BigBot ****
make all 
make[1]: Nothing to be done for `all'.
02:20:53 **** Incremental Build of configuration Default for project 2016BigBot ****
make all 
make[1]: Nothing to be done for `all'.
02:20:56 **** Incremental Build of configuration Default for project 2016BigBot ****
make all 
make[1]: Nothing to be done for `all'.
02:27:20 **** Incremental Build of configuration Default for project 2016BigBot ****
make all 
CC -I../include -I../src helpers.c
In file included from helpers.c:10:0:
../include/helpers.h:24:13: warning: 'flag' defined but not used [-Wunused-variable]
LN ./bin/auto.o ./bin/helpers.o ./bin/init.o ./bin/opcontrol.o ./bin/pid.o ./bin/shooter.o ./firmware/libccos.a -lgcc -lm to bin/output.elf
   text	   data	    bss	    dec	    hex	filename
  19908	      0	   4808	  24716	   608c	./bin/output.elf
arm-none-eabi-objcopy ./bin/output.elf -O binary ./bin/output.bin
02:27:29 **** Incremental Build of configuration Default for project 2016BigBot ****
make all 
make[1]: Nothing to be done for `all'.
02:27:53 **** Incremental Build of configuration Default for project 2016BigBot ****
make all 
make[1]: Nothing to be done for `all'.
02:28:39 **** Incremental Build of configuration Default for project 2016BigBot ****
make all 
make[1]: Nothing to be done for `all'.
02:28:43 **** Incremental Build of configuration Default for project 2016BigBot ****
make all 
make[1]: Nothing to be done for `all'.
02:28:45 **** Incremental Build of configuration Default for project 2016BigBot ****
make all 
make[1]: Nothing to be done for `all'.
02:30:06 **** Incremental Build of configuration Default for project 2016BigBot ****
make all 
make[1]: Nothing to be done for `all'.
02:30:10 **** Incremental Build of configuration Default for project 2016BigBot ****
make all 
make[1]: Nothing to be done for `all'.
02:38:00 **** Incremental Build of configuration Default for project 2016BigBot ****
make all 
CC -I../include -I../src auto.c
In file included from auto.c:19:0:
../include/helpers.h:14:22: warning: 'invertMotor' defined but not used [-Wunused-variable]
../include/helpers.h:24:13: warning: 'flag' defined but not used [-Wunused-variable]
../include/helpers.h:25:13: warning: 'flag2' defined but not used [-Wunused-variable]
../include/helpers.h:26:12: warning: 'turn_PID_counter' defined but not used [-Wunused-variable]
../include/helpers.h:27:12: warning: 'goStraight_timer' defined but not used [-Wunused-variable]
CC -I../include -I../src helpers.c
In file included from helpers.c:10:0:
../include/helpers.h:24:13: warning: 'flag' defined but not used [-Wunused-variable]
CC -I../include -I../src init.c
In file included from init.c:19:0:
../include/helpers.h:14:22: warning: 'invertMotor' defined but not used [-Wunused-variable]
../include/helpers.h:24:13: warning: 'flag' defined but not used [-Wunused-variable]
../include/helpers.h:25:13: warning: 'flag2' defined but not used [-Wunused-variable]
../include/helpers.h:26:12: warning: 'turn_PID_counter' defined but not used [-Wunused-variable]
../include/helpers.h:27:12: warning: 'goStraight_timer' defined but not used [-Wunused-variable]
CC -I../include -I../src opcontrol.c
opcontrol.c: In function 'operatorControl':
opcontrol.c:62:10: warning: unused variable 'mshooter' [-Wunused-variable]
In file included from opcontrol.c:20:0:
opcontrol.c: At top level:
../include/helpers.h:14:22: warning: 'invertMotor' defined but not used [-Wunused-variable]
../include/helpers.h:24:13: warning: 'flag' defined but not used [-Wunused-variable]
../include/helpers.h:25:13: warning: 'flag2' defined but not used [-Wunused-variable]
../include/helpers.h:26:12: warning: 'turn_PID_counter' defined but not used [-Wunused-variable]
../include/helpers.h:27:12: warning: 'goStraight_timer' defined but not used [-Wunused-variable]
CC -I../include -I../src pid.c
CC -I../include -I../src shooter.c
In file included from ../include/shooter.h:13:0,
                 from shooter.c:1:
../include/helpers.h:14:22: warning: 'invertMotor' defined but not used [-Wunused-variable]
../include/helpers.h:24:13: warning: 'flag' defined but not used [-Wunused-variable]
../include/helpers.h:25:13: warning: 'flag2' defined but not used [-Wunused-variable]
../include/helpers.h:26:12: warning: 'turn_PID_counter' defined but not used [-Wunused-variable]
../include/helpers.h:27:12: warning: 'goStraight_timer' defined but not used [-Wunused-variable]
LN ./bin/auto.o ./bin/helpers.o ./bin/init.o ./bin/opcontrol.o ./bin/pid.o ./bin/shooter.o ./firmware/libccos.a -lgcc -lm to bin/output.elf
   text	   data	    bss	    dec	    hex	filename
  19908	      0	   4808	  24716	   608c	./bin/output.elf
arm-none-eabi-objcopy ./bin/output.elf -O binary ./bin/output.bin
02:38:46 **** Incremental Build of configuration Default for project 2016BigBot ****
make all 
make[1]: Nothing to be done for `all'.
02:38:49 **** Incremental Build of configuration Default for project 2016BigBot ****
make all 
make[1]: Nothing to be done for `all'.
02:38:53 **** Incremental Build of configuration Default for project 2016BigBot ****
make all 
make[1]: Nothing to be done for `all'.
02:40:18 **** Incremental Build of configuration Default for project 2016BigBot ****
make all 
CC -I../include -I../src opcontrol.c
opcontrol.c: In function 'operatorControl':
opcontrol.c:62:10: warning: unused variable 'mshooter' [-Wunused-variable]
In file included from opcontrol.c:20:0:
opcontrol.c: At top level:
../include/helpers.h:14:22: warning: 'invertMotor' defined but not used [-Wunused-variable]
../include/helpers.h:24:13: warning: 'flag' defined but not used [-Wunused-variable]
../include/helpers.h:25:13: warning: 'flag2' defined but not used [-Wunused-variable]
../include/helpers.h:26:12: warning: 'turn_PID_counter' defined but not used [-Wunused-variable]
../include/helpers.h:27:12: warning: 'goStraight_timer' defined but not used [-Wunused-variable]
LN ./bin/auto.o ./bin/helpers.o ./bin/init.o ./bin/opcontrol.o ./bin/pid.o ./bin/shooter.o ./firmware/libccos.a -lgcc -lm to bin/output.elf
   text	   data	    bss	    dec	    hex	filename
  19908	      0	   4808	  24716	   608c	./bin/output.elf
arm-none-eabi-objcopy ./bin/output.elf -O binary ./bin/output.bin
02:40:21 **** Incremental Build of configuration Default for project 2016BigBot ****
make all 
make[1]: Nothing to be done for `all'.
02:45:43 **** Incremental Build of configuration Default for project 2016BigBot ****
make all 
CC -I../include -I../src auto.c
In file included from auto.c:19:0:
../include/helpers.h:14:22: warning: 'invertMotor' defined but not used [-Wunused-variable]
../include/helpers.h:24:13: warning: 'flag' defined but not used [-Wunused-variable]
../include/helpers.h:25:13: warning: 'flag2' defined but not used [-Wunused-variable]
../include/helpers.h:26:12: warning: 'turn_PID_counter' defined but not used [-Wunused-variable]
../include/helpers.h:27:12: warning: 'goStraight_timer' defined but not used [-Wunused-variable]
CC -I../include -I../src helpers.c
In file included from helpers.c:10:0:
../include/helpers.h:24:13: warning: 'flag' defined but not used [-Wunused-variable]
CC -I../include -I../src init.c
In file included from init.c:19:0:
../include/helpers.h:14:22: warning: 'invertMotor' defined but not used [-Wunused-variable]
../include/helpers.h:24:13: warning: 'flag' defined but not used [-Wunused-variable]
../include/helpers.h:25:13: warning: 'flag2' defined but not used [-Wunused-variable]
../include/helpers.h:26:12: warning: 'turn_PID_counter' defined but not used [-Wunused-variable]
../include/helpers.h:27:12: warning: 'goStraight_timer' defined but not used [-Wunused-variable]
CC -I../include -I../src opcontrol.c
opcontrol.c: In function 'operatorControl':
opcontrol.c:63:10: warning: unused variable 'mshooter' [-Wunused-variable]
In file included from opcontrol.c:20:0:
opcontrol.c: At top level:
../include/helpers.h:14:22: warning: 'invertMotor' defined but not used [-Wunused-variable]
../include/helpers.h:24:13: warning: 'flag' defined but not used [-Wunused-variable]
../include/helpers.h:25:13: warning: 'flag2' defined but not used [-Wunused-variable]
../include/helpers.h:26:12: warning: 'turn_PID_counter' defined but not used [-Wunused-variable]
../include/helpers.h:27:12: warning: 'goStraight_timer' defined but not used [-Wunused-variable]
CC -I../include -I../src pid.c
CC -I../include -I../src shooter.c
In file included from ../include/shooter.h:13:0,
                 from shooter.c:1:
../include/helpers.h:14:22: warning: 'invertMotor' defined but not used [-Wunused-variable]
../include/helpers.h:24:13: warning: 'flag' defined but not used [-Wunused-variable]
../include/helpers.h:25:13: warning: 'flag2' defined but not used [-Wunused-variable]
../include/helpers.h:26:12: warning: 'turn_PID_counter' defined but not used [-Wunused-variable]
../include/helpers.h:27:12: warning: 'goStraight_timer' defined but not used [-Wunused-variable]
LN ./bin/auto.o ./bin/helpers.o ./bin/init.o ./bin/opcontrol.o ./bin/pid.o ./bin/shooter.o ./firmware/libccos.a -lgcc -lm to bin/output.elf
   text	   data	    bss	    dec	    hex	filename
  19924	      0	   4816	  24740	   60a4	./bin/output.elf
arm-none-eabi-objcopy ./bin/output.elf -O binary ./bin/output.bin
02:45:55 **** Incremental Build of configuration Default for project 2016BigBot ****
make all 
make[1]: Nothing to be done for `all'.
02:45:58 **** Incremental Build of configuration Default for project 2016BigBot ****
make all 
make[1]: Nothing to be done for `all'.
02:46:03 **** Incremental Build of configuration Default for project 2016BigBot ****
make all 
make[1]: Nothing to be done for `all'.
02:46:08 **** Incremental Build of configuration Default for project 2016BigBot ****
make all 
make[1]: Nothing to be done for `all'.
02:52:33 **** Incremental Build of configuration Default for project 2016BigBot ****
make all 
CC -I../include -I../src auto.c
In file included from auto.c:19:0:
../include/helpers.h:14:22: warning: 'invertMotor' defined but not used [-Wunused-variable]
../include/helpers.h:24:13: warning: 'flag' defined but not used [-Wunused-variable]
../include/helpers.h:25:13: warning: 'flag2' defined but not used [-Wunused-variable]
../include/helpers.h:26:12: warning: 'turn_PID_counter' defined but not used [-Wunused-variable]
../include/helpers.h:27:12: warning: 'goStraight_timer' defined but not used [-Wunused-variable]
CC -I../include -I../src helpers.c
In file included from helpers.c:10:0:
../include/helpers.h:24:13: warning: 'flag' defined but not used [-Wunused-variable]
CC -I../include -I../src init.c
In file included from init.c:19:0:
../include/helpers.h:14:22: warning: 'invertMotor' defined but not used [-Wunused-variable]
../include/helpers.h:24:13: warning: 'flag' defined but not used [-Wunused-variable]
../include/helpers.h:25:13: warning: 'flag2' defined but not used [-Wunused-variable]
../include/helpers.h:26:12: warning: 'turn_PID_counter' defined but not used [-Wunused-variable]
../include/helpers.h:27:12: warning: 'goStraight_timer' defined but not used [-Wunused-variable]
CC -I../include -I../src opcontrol.c
opcontrol.c: In function 'operatorControl':
opcontrol.c:89:10: warning: unused variable 'shooter_spd' [-Wunused-variable]
In file included from opcontrol.c:20:0:
opcontrol.c: At top level:
../include/helpers.h:14:22: warning: 'invertMotor' defined but not used [-Wunused-variable]
../include/helpers.h:24:13: warning: 'flag' defined but not used [-Wunused-variable]
../include/helpers.h:25:13: warning: 'flag2' defined but not used [-Wunused-variable]
../include/helpers.h:26:12: warning: 'turn_PID_counter' defined but not used [-Wunused-variable]
../include/helpers.h:27:12: warning: 'goStraight_timer' defined but not used [-Wunused-variable]
CC -I../include -I../src pid.c
CC -I../include -I../src shooter.c
shooter.c: In function 'shooter':
shooter.c:7:29: error: 'ime_velocity' undeclared (first use in this function)
shooter.c:7:29: note: each undeclared identifier is reported only once for each function it appears in
In file included from ../include/shooter.h:13:0,
                 from shooter.c:1:
shooter.c: At top level:
../include/helpers.h:14:22: warning: 'invertMotor' defined but not used [-Wunused-variable]
../include/helpers.h:24:13: warning: 'flag' defined but not used [-Wunused-variable]
../include/helpers.h:25:13: warning: 'flag2' defined but not used [-Wunused-variable]
../include/helpers.h:26:12: warning: 'turn_PID_counter' defined but not used [-Wunused-variable]
../include/helpers.h:27:12: warning: 'goStraight_timer' defined but not used [-Wunused-variable]
make[1]: *** [../bin/shooter.o] Error 1
make: *** [src] Error 2
02:53:28 **** Incremental Build of configuration Default for project 2016BigBot ****
make all 
CC -I../include -I../src shooter.c
In file included from ../include/shooter.h:13:0,
                 from shooter.c:1:
../include/helpers.h:14:22: warning: 'invertMotor' defined but not used [-Wunused-variable]
../include/helpers.h:24:13: warning: 'flag' defined but not used [-Wunused-variable]
../include/helpers.h:25:13: warning: 'flag2' defined but not used [-Wunused-variable]
../include/helpers.h:26:12: warning: 'turn_PID_counter' defined but not used [-Wunused-variable]
../include/helpers.h:27:12: warning: 'goStraight_timer' defined but not used [-Wunused-variable]
LN ./bin/auto.o ./bin/helpers.o ./bin/init.o ./bin/opcontrol.o ./bin/pid.o ./bin/shooter.o ./firmware/libccos.a -lgcc -lm to bin/output.elf
   text	   data	    bss	    dec	    hex	filename
  20620	      0	   4816	  25436	   635c	./bin/output.elf
arm-none-eabi-objcopy ./bin/output.elf -O binary ./bin/output.bin
02:53:30 **** Incremental Build of configuration Default for project 2016BigBot ****
make all 
make[1]: Nothing to be done for `all'.
03:03:27 **** Incremental Build of configuration Default for project 2016BigBot ****
make all 
make[1]: Nothing to be done for `all'.
03:12:30 **** Incremental Build of configuration Default for project 2016BigBot ****
make all 
CC -I../include -I../src opcontrol.c
In file included from opcontrol.c:20:0:
../include/helpers.h:14:22: warning: 'invertMotor' defined but not used [-Wunused-variable]
../include/helpers.h:24:13: warning: 'flag' defined but not used [-Wunused-variable]
../include/helpers.h:25:13: warning: 'flag2' defined but not used [-Wunused-variable]
../include/helpers.h:26:12: warning: 'turn_PID_counter' defined but not used [-Wunused-variable]
../include/helpers.h:27:12: warning: 'goStraight_timer' defined but not used [-Wunused-variable]
LN ./bin/auto.o ./bin/helpers.o ./bin/init.o ./bin/opcontrol.o ./bin/pid.o ./bin/shooter.o ./firmware/libccos.a -lgcc -lm to bin/output.elf
   text	   data	    bss	    dec	    hex	filename
  17468	      0	   4816	  22284	   570c	./bin/output.elf
arm-none-eabi-objcopy ./bin/output.elf -O binary ./bin/output.bin
03:12:46 **** Incremental Build of configuration Default for project 2016BigBot ****
make all 
make[1]: Nothing to be done for `all'.
03:14:01 **** Incremental Build of configuration Default for project 2016BigBot ****
make all 
CC -I../include -I../src opcontrol.c
In file included from opcontrol.c:20:0:
../include/helpers.h:14:22: warning: 'invertMotor' defined but not used [-Wunused-variable]
../include/helpers.h:24:13: warning: 'flag' defined but not used [-Wunused-variable]
../include/helpers.h:25:13: warning: 'flag2' defined but not used [-Wunused-variable]
../include/helpers.h:26:12: warning: 'turn_PID_counter' defined but not used [-Wunused-variable]
../include/helpers.h:27:12: warning: 'goStraight_timer' defined but not used [-Wunused-variable]
LN ./bin/auto.o ./bin/helpers.o ./bin/init.o ./bin/opcontrol.o ./bin/pid.o ./bin/shooter.o ./firmware/libccos.a -lgcc -lm to bin/output.elf
   text	   data	    bss	    dec	    hex	filename
  17468	      0	   4816	  22284	   570c	./bin/output.elf
arm-none-eabi-objcopy ./bin/output.elf -O binary ./bin/output.bin
03:14:08 **** Incremental Build of configuration Default for project 2016BigBot ****
make all 
make[1]: Nothing to be done for `all'.
03:14:54 **** Incremental Build of configuration Default for project 2016BigBot ****
make all 
CC -I../include -I../src opcontrol.c
In file included from opcontrol.c:20:0:
../include/helpers.h:14:22: warning: 'invertMotor' defined but not used [-Wunused-variable]
../include/helpers.h:24:13: warning: 'flag' defined but not used [-Wunused-variable]
../include/helpers.h:25:13: warning: 'flag2' defined but not used [-Wunused-variable]
../include/helpers.h:26:12: warning: 'turn_PID_counter' defined but not used [-Wunused-variable]
../include/helpers.h:27:12: warning: 'goStraight_timer' defined but not used [-Wunused-variable]
LN ./bin/auto.o ./bin/helpers.o ./bin/init.o ./bin/opcontrol.o ./bin/pid.o ./bin/shooter.o ./firmware/libccos.a -lgcc -lm to bin/output.elf
   text	   data	    bss	    dec	    hex	filename
  17468	      0	   4816	  22284	   570c	./bin/output.elf
arm-none-eabi-objcopy ./bin/output.elf -O binary ./bin/output.bin
03:15:00 **** Incremental Build of configuration Default for project 2016BigBot ****
make all 
make[1]: Nothing to be done for `all'.
03:15:55 **** Incremental Build of configuration Default for project 2016BigBot ****
make all 
CC -I../include -I../src opcontrol.c
In file included from opcontrol.c:20:0:
../include/helpers.h:14:22: warning: 'invertMotor' defined but not used [-Wunused-variable]
../include/helpers.h:24:13: warning: 'flag' defined but not used [-Wunused-variable]
../include/helpers.h:25:13: warning: 'flag2' defined but not used [-Wunused-variable]
../include/helpers.h:26:12: warning: 'turn_PID_counter' defined but not used [-Wunused-variable]
../include/helpers.h:27:12: warning: 'goStraight_timer' defined but not used [-Wunused-variable]
LN ./bin/auto.o ./bin/helpers.o ./bin/init.o ./bin/opcontrol.o ./bin/pid.o ./bin/shooter.o ./firmware/libccos.a -lgcc -lm to bin/output.elf
   text	   data	    bss	    dec	    hex	filename
  17468	      0	   4816	  22284	   570c	./bin/output.elf
arm-none-eabi-objcopy ./bin/output.elf -O binary ./bin/output.bin
03:16:18 **** Incremental Build of configuration Default for project 2016BigBot ****
make all 
CC -I../include -I../src opcontrol.c
opcontrol.c: In function 'operatorControl':
opcontrol.c:63:10: warning: unused variable 'mshooter' [-Wunused-variable]
In file included from opcontrol.c:20:0:
opcontrol.c: At top level:
../include/helpers.h:14:22: warning: 'invertMotor' defined but not used [-Wunused-variable]
../include/helpers.h:24:13: warning: 'flag' defined but not used [-Wunused-variable]
../include/helpers.h:25:13: warning: 'flag2' defined but not used [-Wunused-variable]
../include/helpers.h:26:12: warning: 'turn_PID_counter' defined but not used [-Wunused-variable]
../include/helpers.h:27:12: warning: 'goStraight_timer' defined but not used [-Wunused-variable]
LN ./bin/auto.o ./bin/helpers.o ./bin/init.o ./bin/opcontrol.o ./bin/pid.o ./bin/shooter.o ./firmware/libccos.a -lgcc -lm to bin/output.elf
   text	   data	    bss	    dec	    hex	filename
  17432	      0	   4816	  22248	   56e8	./bin/output.elf
arm-none-eabi-objcopy ./bin/output.elf -O binary ./bin/output.bin
03:16:19 **** Incremental Build of configuration Default for project 2016BigBot ****
make all 
make[1]: Nothing to be done for `all'.
03:19:06 **** Incremental Build of configuration Default for project 2016BigBot ****
make all 
CC -I../include -I../src opcontrol.c
opcontrol.c: In function 'operatorControl':
opcontrol.c:63:10: warning: unused variable 'mshooter' [-Wunused-variable]
In file included from opcontrol.c:20:0:
opcontrol.c: At top level:
../include/helpers.h:14:22: warning: 'invertMotor' defined but not used [-Wunused-variable]
../include/helpers.h:24:13: warning: 'flag' defined but not used [-Wunused-variable]
../include/helpers.h:25:13: warning: 'flag2' defined but not used [-Wunused-variable]
../include/helpers.h:26:12: warning: 'turn_PID_counter' defined but not used [-Wunused-variable]
../include/helpers.h:27:12: warning: 'goStraight_timer' defined but not used [-Wunused-variable]
LN ./bin/auto.o ./bin/helpers.o ./bin/init.o ./bin/opcontrol.o ./bin/pid.o ./bin/shooter.o ./firmware/libccos.a -lgcc -lm to bin/output.elf
   text	   data	    bss	    dec	    hex	filename
  17432	      0	   4816	  22248	   56e8	./bin/output.elf
arm-none-eabi-objcopy ./bin/output.elf -O binary ./bin/output.bin
03:19:08 **** Incremental Build of configuration Default for project 2016BigBot ****
make all 
make[1]: Nothing to be done for `all'.
03:19:48 **** Incremental Build of configuration Default for project 2016BigBot ****
make all 
CC -I../include -I../src opcontrol.c
[...]
../include/helpers.h:27:12: warning: 'goStraight_timer' defined but not used [-Wunused-variable]
CC -I../include -I../src helpers.c
In file included from helpers.c:10:0:
../include/helpers.h:24:13: warning: 'flag' defined but not used [-Wunused-variable]
CC -I../include -I../src init.c
In file included from init.c:19:0:
../include/helpers.h:14:22: warning: 'invertMotor' defined but not used [-Wunused-variable]
../include/helpers.h:24:13: warning: 'flag' defined but not used [-Wunused-variable]
../include/helpers.h:25:13: warning: 'flag2' defined but not used [-Wunused-variable]
../include/helpers.h:26:12: warning: 'turn_PID_counter' defined but not used [-Wunused-variable]
../include/helpers.h:27:12: warning: 'goStraight_timer' defined but not used [-Wunused-variable]
CC -I../include -I../src opcontrol.c
In file included from opcontrol.c:20:0:
../include/helpers.h:14:22: warning: 'invertMotor' defined but not used [-Wunused-variable]
../include/helpers.h:24:13: warning: 'flag' defined but not used [-Wunused-variable]
../include/helpers.h:25:13: warning: 'flag2' defined but not used [-Wunused-variable]
../include/helpers.h:26:12: warning: 'turn_PID_counter' defined but not used [-Wunused-variable]
../include/helpers.h:27:12: warning: 'goStraight_timer' defined but not used [-Wunused-variable]
CC -I../include -I../src pid.c
CC -I../include -I../src shooter.c
In file included from ../include/shooter.h:13:0,
                 from shooter.c:1:
../include/helpers.h:14:22: warning: 'invertMotor' defined but not used [-Wunused-variable]
../include/helpers.h:24:13: warning: 'flag' defined but not used [-Wunused-variable]
../include/helpers.h:25:13: warning: 'flag2' defined but not used [-Wunused-variable]
../include/helpers.h:26:12: warning: 'turn_PID_counter' defined but not used [-Wunused-variable]
../include/helpers.h:27:12: warning: 'goStraight_timer' defined but not used [-Wunused-variable]
LN ./bin/auto.o ./bin/helpers.o ./bin/init.o ./bin/opcontrol.o ./bin/pid.o ./bin/shooter.o ./firmware/libccos.a -lgcc -lm to bin/output.elf
   text	   data	    bss	    dec	    hex	filename
  17700	      0	   4824	  22524	   57fc	./bin/output.elf
arm-none-eabi-objcopy ./bin/output.elf -O binary ./bin/output.bin
06:12:56 **** Incremental Build of configuration Default for project 2016BigBot ****
make all 
make[1]: Nothing to be done for `all'.
06:13:47 **** Incremental Build of configuration Default for project 2016BigBot ****
make all 
CC -I../include -I../src auto.c
In file included from auto.c:19:0:
../include/helpers.h:14:22: warning: 'invertMotor' defined but not used [-Wunused-variable]
../include/helpers.h:24:13: warning: 'flag' defined but not used [-Wunused-variable]
../include/helpers.h:25:13: warning: 'flag2' defined but not used [-Wunused-variable]
../include/helpers.h:26:12: warning: 'turn_PID_counter' defined but not used [-Wunused-variable]
../include/helpers.h:27:12: warning: 'goStraight_timer' defined but not used [-Wunused-variable]
CC -I../include -I../src helpers.c
In file included from helpers.c:10:0:
../include/helpers.h:24:13: warning: 'flag' defined but not used [-Wunused-variable]
CC -I../include -I../src init.c
In file included from init.c:19:0:
../include/helpers.h:14:22: warning: 'invertMotor' defined but not used [-Wunused-variable]
../include/helpers.h:24:13: warning: 'flag' defined but not used [-Wunused-variable]
../include/helpers.h:25:13: warning: 'flag2' defined but not used [-Wunused-variable]
../include/helpers.h:26:12: warning: 'turn_PID_counter' defined but not used [-Wunused-variable]
../include/helpers.h:27:12: warning: 'goStraight_timer' defined but not used [-Wunused-variable]
CC -I../include -I../src opcontrol.c
In file included from opcontrol.c:20:0:
../include/helpers.h:14:22: warning: 'invertMotor' defined but not used [-Wunused-variable]
../include/helpers.h:24:13: warning: 'flag' defined but not used [-Wunused-variable]
../include/helpers.h:25:13: warning: 'flag2' defined but not used [-Wunused-variable]
../include/helpers.h:26:12: warning: 'turn_PID_counter' defined but not used [-Wunused-variable]
../include/helpers.h:27:12: warning: 'goStraight_timer' defined but not used [-Wunused-variable]
CC -I../include -I../src pid.c
CC -I../include -I../src shooter.c
In file included from ../include/shooter.h:13:0,
                 from shooter.c:1:
../include/helpers.h:14:22: warning: 'invertMotor' defined but not used [-Wunused-variable]
../include/helpers.h:24:13: warning: 'flag' defined but not used [-Wunused-variable]
../include/helpers.h:25:13: warning: 'flag2' defined but not used [-Wunused-variable]
../include/helpers.h:26:12: warning: 'turn_PID_counter' defined but not used [-Wunused-variable]
../include/helpers.h:27:12: warning: 'goStraight_timer' defined but not used [-Wunused-variable]
LN ./bin/auto.o ./bin/helpers.o ./bin/init.o ./bin/opcontrol.o ./bin/pid.o ./bin/shooter.o ./firmware/libccos.a -lgcc -lm to bin/output.elf
   text	   data	    bss	    dec	    hex	filename
  17708	      0	   4824	  22532	   5804	./bin/output.elf
arm-none-eabi-objcopy ./bin/output.elf -O binary ./bin/output.bin
06:13:48 **** Incremental Build of configuration Default for project 2016BigBot ****
make all 
make[1]: Nothing to be done for `all'.
06:14:37 **** Incremental Build of configuration Default for project 2016BigBot ****
make all 
CC -I../include -I../src auto.c
In file included from auto.c:19:0:
../include/helpers.h:14:22: warning: 'invertMotor' defined but not used [-Wunused-variable]
../include/helpers.h:24:13: warning: 'flag' defined but not used [-Wunused-variable]
../include/helpers.h:25:13: warning: 'flag2' defined but not used [-Wunused-variable]
../include/helpers.h:26:12: warning: 'turn_PID_counter' defined but not used [-Wunused-variable]
../include/helpers.h:27:12: warning: 'goStraight_timer' defined but not used [-Wunused-variable]
CC -I../include -I../src helpers.c
In file included from helpers.c:10:0:
../include/helpers.h:24:13: warning: 'flag' defined but not used [-Wunused-variable]
CC -I../include -I../src init.c
In file included from init.c:19:0:
../include/helpers.h:14:22: warning: 'invertMotor' defined but not used [-Wunused-variable]
../include/helpers.h:24:13: warning: 'flag' defined but not used [-Wunused-variable]
../include/helpers.h:25:13: warning: 'flag2' defined but not used [-Wunused-variable]
../include/helpers.h:26:12: warning: 'turn_PID_counter' defined but not used [-Wunused-variable]
../include/helpers.h:27:12: warning: 'goStraight_timer' defined but not used [-Wunused-variable]
CC -I../include -I../src opcontrol.c
In file included from opcontrol.c:20:0:
../include/helpers.h:14:22: warning: 'invertMotor' defined but not used [-Wunused-variable]
../include/helpers.h:24:13: warning: 'flag' defined but not used [-Wunused-variable]
../include/helpers.h:25:13: warning: 'flag2' defined but not used [-Wunused-variable]
../include/helpers.h:26:12: warning: 'turn_PID_counter' defined but not used [-Wunused-variable]
../include/helpers.h:27:12: warning: 'goStraight_timer' defined but not used [-Wunused-variable]
CC -I../include -I../src pid.c
CC -I../include -I../src shooter.c
In file included from ../include/shooter.h:13:0,
                 from shooter.c:1:
../include/helpers.h:14:22: warning: 'invertMotor' defined but not used [-Wunused-variable]
../include/helpers.h:24:13: warning: 'flag' defined but not used [-Wunused-variable]
../include/helpers.h:25:13: warning: 'flag2' defined but not used [-Wunused-variable]
../include/helpers.h:26:12: warning: 'turn_PID_counter' defined but not used [-Wunused-variable]
../include/helpers.h:27:12: warning: 'goStraight_timer' defined but not used [-Wunused-variable]
LN ./bin/auto.o ./bin/helpers.o ./bin/init.o ./bin/opcontrol.o ./bin/pid.o ./bin/shooter.o ./firmware/libccos.a -lgcc -lm to bin/output.elf
   text	   data	    bss	    dec	    hex	filename
  17708	      0	   4824	  22532	   5804	./bin/output.elf
arm-none-eabi-objcopy ./bin/output.elf -O binary ./bin/output.bin
06:14:40 **** Incremental Build of configuration Default for project 2016BigBot ****
make all 
make[1]: Nothing to be done for `all'.
06:15:51 **** Incremental Build of configuration Default for project 2016BigBot ****
make all 
CC -I../include -I../src auto.c
In file included from auto.c:19:0:
../include/helpers.h:14:22: warning: 'invertMotor' defined but not used [-Wunused-variable]
../include/helpers.h:24:13: warning: 'flag' defined but not used [-Wunused-variable]
../include/helpers.h:25:13: warning: 'flag2' defined but not used [-Wunused-variable]
../include/helpers.h:26:12: warning: 'turn_PID_counter' defined but not used [-Wunused-variable]
../include/helpers.h:27:12: warning: 'goStraight_timer' defined but not used [-Wunused-variable]
CC -I../include -I../src helpers.c
In file included from helpers.c:10:0:
../include/helpers.h:24:13: warning: 'flag' defined but not used [-Wunused-variable]
CC -I../include -I../src init.c
In file included from init.c:19:0:
../include/helpers.h:14:22: warning: 'invertMotor' defined but not used [-Wunused-variable]
../include/helpers.h:24:13: warning: 'flag' defined but not used [-Wunused-variable]
../include/helpers.h:25:13: warning: 'flag2' defined but not used [-Wunused-variable]
../include/helpers.h:26:12: warning: 'turn_PID_counter' defined but not used [-Wunused-variable]
../include/helpers.h:27:12: warning: 'goStraight_timer' defined but not used [-Wunused-variable]
CC -I../include -I../src opcontrol.c
In file included from opcontrol.c:20:0:
../include/helpers.h:14:22: warning: 'invertMotor' defined but not used [-Wunused-variable]
../include/helpers.h:24:13: warning: 'flag' defined but not used [-Wunused-variable]
../include/helpers.h:25:13: warning: 'flag2' defined but not used [-Wunused-variable]
../include/helpers.h:26:12: warning: 'turn_PID_counter' defined but not used [-Wunused-variable]
../include/helpers.h:27:12: warning: 'goStraight_timer' defined but not used [-Wunused-variable]
CC -I../include -I../src pid.c
CC -I../include -I../src shooter.c
In file included from ../include/shooter.h:13:0,
                 from shooter.c:1:
../include/helpers.h:14:22: warning: 'invertMotor' defined but not used [-Wunused-variable]
../include/helpers.h:24:13: warning: 'flag' defined but not used [-Wunused-variable]
../include/helpers.h:25:13: warning: 'flag2' defined but not used [-Wunused-variable]
../include/helpers.h:26:12: warning: 'turn_PID_counter' defined but not used [-Wunused-variable]
../include/helpers.h:27:12: warning: 'goStraight_timer' defined but not used [-Wunused-variable]
LN ./bin/auto.o ./bin/helpers.o ./bin/init.o ./bin/opcontrol.o ./bin/pid.o ./bin/shooter.o ./firmware/libccos.a -lgcc -lm to bin/output.elf
   text	   data	    bss	    dec	    hex	filename
  17708	      0	   4824	  22532	   5804	./bin/output.elf
arm-none-eabi-objcopy ./bin/output.elf -O binary ./bin/output.bin
06:15:53 **** Incremental Build of configuration Default for project 2016BigBot ****
make all 
make[1]: Nothing to be done for `all'.
06:17:12 **** Incremental Build of configuration Default for project 2016BigBot ****
make all 
make[1]: Nothing to be done for `all'.
06:17:22 **** Incremental Build of configuration Default for project 2016BigBot ****
make all 
CC -I../include -I../src auto.c
In file included from auto.c:19:0:
../include/helpers.h:14:22: warning: 'invertMotor' defined but not used [-Wunused-variable]
../include/helpers.h:24:13: warning: 'flag' defined but not used [-Wunused-variable]
../include/helpers.h:25:13: warning: 'flag2' defined but not used [-Wunused-variable]
../include/helpers.h:26:12: warning: 'turn_PID_counter' defined but not used [-Wunused-variable]
../include/helpers.h:27:12: warning: 'goStraight_timer' defined but not used [-Wunused-variable]
CC -I../include -I../src helpers.c
In file included from helpers.c:10:0:
../include/helpers.h:24:13: warning: 'flag' defined but not used [-Wunused-variable]
CC -I../include -I../src init.c
In file included from init.c:19:0:
../include/helpers.h:14:22: warning: 'invertMotor' defined but not used [-Wunused-variable]
../include/helpers.h:24:13: warning: 'flag' defined but not used [-Wunused-variable]
../include/helpers.h:25:13: warning: 'flag2' defined but not used [-Wunused-variable]
../include/helpers.h:26:12: warning: 'turn_PID_counter' defined but not used [-Wunused-variable]
../include/helpers.h:27:12: warning: 'goStraight_timer' defined but not used [-Wunused-variable]
CC -I../include -I../src opcontrol.c
In file included from opcontrol.c:20:0:
../include/helpers.h:14:22: warning: 'invertMotor' defined but not used [-Wunused-variable]
../include/helpers.h:24:13: warning: 'flag' defined but not used [-Wunused-variable]
../include/helpers.h:25:13: warning: 'flag2' defined but not used [-Wunused-variable]
../include/helpers.h:26:12: warning: 'turn_PID_counter' defined but not used [-Wunused-variable]
../include/helpers.h:27:12: warning: 'goStraight_timer' defined but not used [-Wunused-variable]
CC -I../include -I../src pid.c
CC -I../include -I../src shooter.c
In file included from ../include/shooter.h:13:0,
                 from shooter.c:1:
../include/helpers.h:14:22: warning: 'invertMotor' defined but not used [-Wunused-variable]
../include/helpers.h:24:13: warning: 'flag' defined but not used [-Wunused-variable]
../include/helpers.h:25:13: warning: 'flag2' defined but not used [-Wunused-variable]
../include/helpers.h:26:12: warning: 'turn_PID_counter' defined but not used [-Wunused-variable]
../include/helpers.h:27:12: warning: 'goStraight_timer' defined but not used [-Wunused-variable]
LN ./bin/auto.o ./bin/helpers.o ./bin/init.o ./bin/opcontrol.o ./bin/pid.o ./bin/shooter.o ./firmware/libccos.a -lgcc -lm to bin/output.elf
   text	   data	    bss	    dec	    hex	filename
  17708	      0	   4824	  22532	   5804	./bin/output.elf
arm-none-eabi-objcopy ./bin/output.elf -O binary ./bin/output.bin
06:17:23 **** Incremental Build of configuration Default for project 2016BigBot ****
make all 
make[1]: Nothing to be done for `all'.
06:18:05 **** Incremental Build of configuration Default for project 2016BigBot ****
make all 
CC -I../include -I../src auto.c
In file included from auto.c:19:0:
../include/helpers.h:14:22: warning: 'invertMotor' defined but not used [-Wunused-variable]
../include/helpers.h:24:13: warning: 'flag' defined but not used [-Wunused-variable]
../include/helpers.h:25:13: warning: 'flag2' defined but not used [-Wunused-variable]
../include/helpers.h:26:12: warning: 'turn_PID_counter' defined but not used [-Wunused-variable]
../include/helpers.h:27:12: warning: 'goStraight_timer' defined but not used [-Wunused-variable]
CC -I../include -I../src helpers.c
In file included from helpers.c:10:0:
../include/helpers.h:24:13: warning: 'flag' defined but not used [-Wunused-variable]
CC -I../include -I../src init.c
In file included from init.c:19:0:
../include/helpers.h:14:22: warning: 'invertMotor' defined but not used [-Wunused-variable]
../include/helpers.h:24:13: warning: 'flag' defined but not used [-Wunused-variable]
../include/helpers.h:25:13: warning: 'flag2' defined but not used [-Wunused-variable]
../include/helpers.h:26:12: warning: 'turn_PID_counter' defined but not used [-Wunused-variable]
../include/helpers.h:27:12: warning: 'goStraight_timer' defined but not used [-Wunused-variable]
CC -I../include -I../src opcontrol.c
In file included from opcontrol.c:20:0:
../include/helpers.h:14:22: warning: 'invertMotor' defined but not used [-Wunused-variable]
../include/helpers.h:24:13: warning: 'flag' defined but not used [-Wunused-variable]
../include/helpers.h:25:13: warning: 'flag2' defined but not used [-Wunused-variable]
../include/helpers.h:26:12: warning: 'turn_PID_counter' defined but not used [-Wunused-variable]
../include/helpers.h:27:12: warning: 'goStraight_timer' defined but not used [-Wunused-variable]
CC -I../include -I../src pid.c
CC -I../include -I../src shooter.c
In file included from ../include/shooter.h:13:0,
                 from shooter.c:1:
../include/helpers.h:14:22: warning: 'invertMotor' defined but not used [-Wunused-variable]
../include/helpers.h:24:13: warning: 'flag' defined but not used [-Wunused-variable]
../include/helpers.h:25:13: warning: 'flag2' defined but not used [-Wunused-variable]
../include/helpers.h:26:12: warning: 'turn_PID_counter' defined but not used [-Wunused-variable]
../include/helpers.h:27:12: warning: 'goStraight_timer' defined but not used [-Wunused-variable]
LN ./bin/auto.o ./bin/helpers.o ./bin/init.o ./bin/opcontrol.o ./bin/pid.o ./bin/shooter.o ./firmware/libccos.a -lgcc -lm to bin/output.elf
   text	   data	    bss	    dec	    hex	filename
  17708	      0	   4824	  22532	   5804	./bin/output.elf
arm-none-eabi-objcopy ./bin/output.elf -O binary ./bin/output.bin
06:18:09 **** Incremental Build of configuration Default for project 2016BigBot ****
make all 
make[1]: Nothing to be done for `all'.
06:18:38 **** Incremental Build of configuration Default for project 2016BigBot ****
make all 
CC -I../include -I../src auto.c
In file included from auto.c:19:0:
../include/helpers.h:14:22: warning: 'invertMotor' defined but not used [-Wunused-variable]
../include/helpers.h:24:13: warning: 'flag' defined but not used [-Wunused-variable]
../include/helpers.h:25:13: warning: 'flag2' defined but not used [-Wunused-variable]
../include/helpers.h:26:12: warning: 'turn_PID_counter' defined but not used [-Wunused-variable]
../include/helpers.h:27:12: warning: 'goStraight_timer' defined but not used [-Wunused-variable]
CC -I../include -I../src helpers.c
In file included from helpers.c:10:0:
../include/helpers.h:24:13: warning: 'flag' defined but not used [-Wunused-variable]
CC -I../include -I../src init.c
In file included from init.c:19:0:
../include/helpers.h:14:22: warning: 'invertMotor' defined but not used [-Wunused-variable]
../include/helpers.h:24:13: warning: 'flag' defined but not used [-Wunused-variable]
../include/helpers.h:25:13: warning: 'flag2' defined but not used [-Wunused-variable]
../include/helpers.h:26:12: warning: 'turn_PID_counter' defined but not used [-Wunused-variable]
../include/helpers.h:27:12: warning: 'goStraight_timer' defined but not used [-Wunused-variable]
CC -I../include -I../src opcontrol.c
In file included from opcontrol.c:20:0:
../include/helpers.h:14:22: warning: 'invertMotor' defined but not used [-Wunused-variable]
../include/helpers.h:24:13: warning: 'flag' defined but not used [-Wunused-variable]
../include/helpers.h:25:13: warning: 'flag2' defined but not used [-Wunused-variable]
../include/helpers.h:26:12: warning: 'turn_PID_counter' defined but not used [-Wunused-variable]
../include/helpers.h:27:12: warning: 'goStraight_timer' defined but not used [-Wunused-variable]
CC -I../include -I../src pid.c
CC -I../include -I../src shooter.c
In file included from ../include/shooter.h:13:0,
                 from shooter.c:1:
../include/helpers.h:14:22: warning: 'invertMotor' defined but not used [-Wunused-variable]
../include/helpers.h:24:13: warning: 'flag' defined but not used [-Wunused-variable]
../include/helpers.h:25:13: warning: 'flag2' defined but not used [-Wunused-variable]
../include/helpers.h:26:12: warning: 'turn_PID_counter' defined but not used [-Wunused-variable]
../include/helpers.h:27:12: warning: 'goStraight_timer' defined but not used [-Wunused-variable]
LN ./bin/auto.o ./bin/helpers.o ./bin/init.o ./bin/opcontrol.o ./bin/pid.o ./bin/shooter.o ./firmware/libccos.a -lgcc -lm to bin/output.elf
   text	   data	    bss	    dec	    hex	filename
  17708	      0	   4824	  22532	   5804	./bin/output.elf
arm-none-eabi-objcopy ./bin/output.elf -O binary ./bin/output.bin
06:19:08 **** Incremental Build of configuration Default for project 2016BigBot ****
make all 
make[1]: Nothing to be done for `all'.
06:19:11 **** Incremental Build of configuration Default for project 2016BigBot ****
make all 
make[1]: Nothing to be done for `all'.
